// Jest Snapshot v1, https://goo.gl/fbAQLP

exports[`components/pages/index/PopularTowns 正常に表示される 1`] = `
<DocumentFragment>
  <section
    class="container"
  >
    <h2
      class="title"
    >
      人気のエリアから探す
    </h2>
    <div
      class="content"
    >
      <ul
        class="list"
      >
        <li
          class="item"
        >
          <button
            class="link"
            href="/towns/38876"
          >
            小石川
          </button>
        </li>
        <li
          class="item"
        >
          <button
            class="link"
            href="/towns/38886"
          >
            本郷
          </button>
        </li>
        <li
          class="item"
        >
          <button
            class="link"
            href="/towns/38766"
          >
            高輪
          </button>
        </li>
        <li
          class="item"
        >
          <button
            class="link"
            href="/towns/38762"
          >
            白金
          </button>
        </li>
        <li
          class="item"
        >
          <button
            class="link"
            href="/towns/38775"
          >
            南麻布
          </button>
        </li>
        <li
          class="item"
        >
          <button
            class="link"
            href="/towns/38774"
          >
            南青山
          </button>
        </li>
        <li
          class="item"
        >
          <button
            class="link"
            href="/towns/39137"
          >
            駒沢
          </button>
        </li>
        <li
          class="item"
        >
          <button
            class="link"
            href="/towns/38759"
          >
            芝浦
          </button>
        </li>
        <li
          class="item"
        >
          <button
            class="link"
            href="/towns/38768"
          >
            西麻布
          </button>
        </li>
        <li
          class="item"
        >
          <button
            class="link"
            href="/towns/39044"
          >
            碑文谷
          </button>
        </li>
        <li
          class="item"
        >
          <button
            class="link"
            href="/towns/39187"
          >
            神宮前
          </button>
        </li>
        <li
          class="item"
        >
          <button
            class="link"
            href="/towns/38745"
          >
            晴海
          </button>
        </li>
      </ul>
    </div>
  </section>
</DocumentFragment>
`;
