// Jest Snapshot v1, https://goo.gl/fbAQLP

exports[`components/pages/prefectures/Cities 正常に表示される 1`] = `
<DocumentFragment>
  <section
    class="container"
  >
    <h2>
      <div
        class="heading"
      >
        エリアを選択する
      </div>
    </h2>
    <ul
      class="list"
    >
      <li
        class="item"
      >
        <button
          class="link"
          href="/cities/13101"
        >
          千代田区
          <span
            class="count"
          >
            (165件)
          </span>
        </button>
      </li>
      <li
        class="item"
      >
        <button
          class="link"
          href="/cities/13102"
        >
          中央区
          <span
            class="count"
          >
            (340件)
          </span>
        </button>
      </li>
      <li
        class="item"
      >
        <button
          class="link"
          href="/cities/13103"
        >
          港区
          <span
            class="count"
          >
            (359件)
          </span>
        </button>
      </li>
      <li
        class="item"
      >
        <button
          class="link"
          href="/cities/13104"
        >
          新宿区
          <span
            class="count"
          >
            (368件)
          </span>
        </button>
      </li>
      <li
        class="item"
      >
        <button
          class="link"
          href="/cities/13105"
        >
          文京区
          <span
            class="count"
          >
            (257件)
          </span>
        </button>
      </li>
      <li
        class="item"
      >
        <button
          class="link"
          href="/cities/13106"
        >
          台東区
          <span
            class="count"
          >
            (342件)
          </span>
        </button>
      </li>
      <li
        class="item"
      >
        <button
          class="link"
          href="/cities/13107"
        >
          墨田区
          <span
            class="count"
          >
            (328件)
          </span>
        </button>
      </li>
      <li
        class="item"
      >
        <button
          class="link"
          href="/cities/13108"
        >
          江東区
          <span
            class="count"
          >
            (360件)
          </span>
        </button>
      </li>
      <li
        class="item"
      >
        <button
          class="link"
          href="/cities/13109"
        >
          品川区
          <span
            class="count"
          >
            (300件)
          </span>
        </button>
      </li>
      <li
        class="item"
      >
        <button
          class="link"
          href="/cities/13110"
        >
          目黒区
          <span
            class="count"
          >
            (189件)
          </span>
        </button>
      </li>
      <li
        class="item"
      >
        <button
          class="link"
          href="/cities/13111"
        >
          大田区
          <span
            class="count"
          >
            (402件)
          </span>
        </button>
      </li>
      <li
        class="item"
      >
        <button
          class="link"
          href="/cities/13112"
        >
          世田谷区
          <span
            class="count"
          >
            (564件)
          </span>
        </button>
      </li>
      <li
        class="item"
      >
        <button
          class="link"
          href="/cities/13113"
        >
          渋谷区
          <span
            class="count"
          >
            (266件)
          </span>
        </button>
      </li>
      <li
        class="item"
      >
        <button
          class="link"
          href="/cities/13114"
        >
          中野区
          <span
            class="count"
          >
            (177件)
          </span>
        </button>
      </li>
      <li
        class="item"
      >
        <button
          class="link"
          href="/cities/13115"
        >
          杉並区
          <span
            class="count"
          >
            (282件)
          </span>
        </button>
      </li>
      <li
        class="item"
      >
        <button
          class="link"
          href="/cities/13116"
        >
          豊島区
          <span
            class="count"
          >
            (218件)
          </span>
        </button>
      </li>
      <li
        class="item"
      >
        <button
          class="link"
          href="/cities/13117"
        >
          北区
          <span
            class="count"
          >
            (210件)
          </span>
        </button>
      </li>
      <li
        class="item"
      >
        <button
          class="link"
          href="/cities/13118"
        >
          荒川区
          <span
            class="count"
          >
            (162件)
          </span>
        </button>
      </li>
      <li
        class="item"
      >
        <button
          class="link"
          href="/cities/13119"
        >
          板橋区
          <span
            class="count"
          >
            (304件)
          </span>
        </button>
      </li>
      <li
        class="item"
      >
        <button
          class="link"
          href="/cities/13120"
        >
          練馬区
          <span
            class="count"
          >
            (322件)
          </span>
        </button>
      </li>
      <li
        class="item"
      >
        <button
          class="link"
          href="/cities/13121"
        >
          足立区
          <span
            class="count"
          >
            (248件)
          </span>
        </button>
      </li>
      <li
        class="item"
      >
        <button
          class="link"
          href="/cities/13122"
        >
          葛飾区
          <span
            class="count"
          >
            (172件)
          </span>
        </button>
      </li>
      <li
        class="item"
      >
        <button
          class="link"
          href="/cities/13123"
        >
          江戸川区
          <span
            class="count"
          >
            (241件)
          </span>
        </button>
      </li>
      <li
        class="item"
      >
        <button
          class="link"
          href="/cities/13201"
        >
          八王子市
          <span
            class="count"
          >
            (76件)
          </span>
        </button>
      </li>
      <li
        class="item"
      >
        <button
          class="link"
          href="/cities/13202"
        >
          立川市
          <span
            class="count"
          >
            (48件)
          </span>
        </button>
      </li>
      <li
        class="item"
      >
        <button
          class="link"
          href="/cities/13203"
        >
          武蔵野市
          <span
            class="count"
          >
            (68件)
          </span>
        </button>
      </li>
      <li
        class="item"
      >
        <button
          class="link"
          href="/cities/13204"
        >
          三鷹市
          <span
            class="count"
          >
            (56件)
          </span>
        </button>
      </li>
      <li
        class="item"
      >
        <button
          class="link"
          href="/cities/13205"
        >
          青梅市
          <span
            class="count"
          >
            (2件)
          </span>
        </button>
      </li>
      <li
        class="item"
      >
        <button
          class="link"
          href="/cities/13206"
        >
          府中市
          <span
            class="count"
          >
            (118件)
          </span>
        </button>
      </li>
      <li
        class="item"
      >
        <button
          class="link"
          href="/cities/13207"
        >
          昭島市
          <span
            class="count"
          >
            (14件)
          </span>
        </button>
      </li>
      <li
        class="item"
      >
        <button
          class="link"
          href="/cities/13208"
        >
          調布市
          <span
            class="count"
          >
            (87件)
          </span>
        </button>
      </li>
      <li
        class="item"
      >
        <button
          class="link"
          href="/cities/13209"
        >
          町田市
          <span
            class="count"
          >
            (46件)
          </span>
        </button>
      </li>
      <li
        class="item"
      >
        <button
          class="link"
          href="/cities/13210"
        >
          小金井市
          <span
            class="count"
          >
            (33件)
          </span>
        </button>
      </li>
      <li
        class="item"
      >
        <button
          class="link"
          href="/cities/13211"
        >
          小平市
          <span
            class="count"
          >
            (33件)
          </span>
        </button>
      </li>
      <li
        class="item"
      >
        <button
          class="link"
          href="/cities/13212"
        >
          日野市
          <span
            class="count"
          >
            (31件)
          </span>
        </button>
      </li>
      <li
        class="item"
      >
        <button
          class="link"
          href="/cities/13213"
        >
          東村山市
          <span
            class="count"
          >
            (27件)
          </span>
        </button>
      </li>
      <li
        class="item"
      >
        <button
          class="link"
          href="/cities/13214"
        >
          国分寺市
          <span
            class="count"
          >
            (35件)
          </span>
        </button>
      </li>
      <li
        class="item"
      >
        <button
          class="link"
          href="/cities/13215"
        >
          国立市
          <span
            class="count"
          >
            (41件)
          </span>
        </button>
      </li>
      <li
        class="item"
      >
        <button
          class="link"
          href="/cities/13218"
        >
          福生市
          <span
            class="count"
          >
            (1件)
          </span>
        </button>
      </li>
      <li
        class="item"
      >
        <button
          class="link"
          href="/cities/13219"
        >
          狛江市
          <span
            class="count"
          >
            (22件)
          </span>
        </button>
      </li>
      <li
        class="item"
      >
        <button
          class="link"
          href="/cities/13220"
        >
          東大和市
          <span
            class="count"
          >
            (19件)
          </span>
        </button>
      </li>
      <li
        class="item"
      >
        <button
          class="link"
          href="/cities/13221"
        >
          清瀬市
          <span
            class="count"
          >
            (9件)
          </span>
        </button>
      </li>
      <li
        class="item"
      >
        <button
          class="link"
          href="/cities/13222"
        >
          東久留米市
          <span
            class="count"
          >
            (10件)
          </span>
        </button>
      </li>
      <li
        class="item"
      >
        <button
          class="link"
          href="/cities/13224"
        >
          多摩市
          <span
            class="count"
          >
            (43件)
          </span>
        </button>
      </li>
      <li
        class="item"
      >
        <button
          class="link"
          href="/cities/13225"
        >
          稲城市
          <span
            class="count"
          >
            (32件)
          </span>
        </button>
      </li>
      <li
        class="item"
      >
        <button
          class="link"
          href="/cities/13227"
        >
          羽村市
          <span
            class="count"
          >
            (3件)
          </span>
        </button>
      </li>
      <li
        class="item"
      >
        <button
          class="link"
          href="/cities/13229"
        >
          西東京市
          <span
            class="count"
          >
            (72件)
          </span>
        </button>
      </li>
    </ul>
  </section>
</DocumentFragment>
`;
