// Jest Snapshot v1, https://goo.gl/fbAQLP

exports[`components/pages/mansions/Details 正常に表示される 1`] = `
<DocumentFragment>
  <section
    class="container"
  >
    <table
      class="table"
    >
      <tbody
        class="pcOnly"
      >
        <tr>
          <th>
            物件名
          </th>
          <td>
            リヴシティ神田
          </td>
          <th>
            住所
          </th>
          <td>
            <span>
              <button
                class="link"
                href="/prefectures/13000"
              >
                東京都
              </button>
               
              <button
                class="link"
                href="/cities/13101"
              >
                千代田区
              </button>
               
              <button
                class="link"
                href="/cities/13101?tw="
              >
                神田富山町
              </button>
               １６－１
            </span>
          </td>
        </tr>
        <tr>
          <th>
            最寄り駅
          </th>
          <td>
            <span>
              <button
                href="/lines/63"
              >
                山手線
              </button>
              「
              <button>
                神田
              </button>
              」徒歩4分
            </span>
          </td>
          <th>
            築年月
          </th>
          <td>
            2011年03月 (築10年)
          </td>
        </tr>
        <tr>
          <th>
            階建
          </th>
          <td>
            13階建て
          </td>
          <th>
            間取り
          </th>
          <td>
            1DK、 1Kなど
          </td>
        </tr>
        <tr>
          <th>
            総戸数
          </th>
          <td>
            35戸
          </td>
          <th>
            構造
          </th>
          <td>
            鉄筋鉄骨コンクリート造(SRC造)
          </td>
        </tr>
        <tr>
          <th>
            土地権利
          </th>
          <td>
            所有権
          </td>
          <th>
            用途地域
          </th>
          <td>
            商業地域
          </td>
        </tr>
        <tr>
          <th>
            施工会社
          </th>
          <td>
            株式会社谷口工務店
          </td>
          <th>
            管理会社
          </th>
          <td>
            その他
          </td>
        </tr>
        <tr>
          <th>
            管理形態
          </th>
          <td>
            全部委託
          </td>
          <th>
            駐車場
          </th>
          <td>
            無し
          </td>
        </tr>
      </tbody>
      <tbody
        class="spOnly"
      >
        <tr>
          <th>
            物件名
          </th>
          <td>
            リヴシティ神田
          </td>
        </tr>
        <tr>
          <th>
            住所
          </th>
          <td>
            <span>
              <button
                class="link"
                href="/prefectures/13000"
              >
                東京都
              </button>
               
              <button
                class="link"
                href="/cities/13101"
              >
                千代田区
              </button>
               
              <button
                class="link"
                href="/cities/13101?tw="
              >
                神田富山町
              </button>
               １６－１
            </span>
          </td>
        </tr>
        <tr>
          <th>
            最寄り駅
          </th>
          <td>
            <span>
              <button
                href="/lines/63"
              >
                山手線
              </button>
              「
              <button>
                神田
              </button>
              」徒歩4分
            </span>
          </td>
        </tr>
        <tr>
          <th>
            階建
          </th>
          <td>
            13階建て
          </td>
        </tr>
        <tr>
          <th>
            築年月
          </th>
          <td>
            2011年03月 (築10年)
          </td>
        </tr>
        <tr>
          <th>
            間取り
          </th>
          <td>
            1DK、 1Kなど
          </td>
        </tr>
        <tr>
          <th>
            総戸数
          </th>
          <td>
            35戸
          </td>
        </tr>
        <tr>
          <th>
            構造
          </th>
          <td>
            鉄筋鉄骨コンクリート造(SRC造)
          </td>
        </tr>
        <tr>
          <th>
            土地権利
          </th>
          <td>
            所有権
          </td>
        </tr>
        <tr>
          <th>
            用途地域
          </th>
          <td>
            商業地域
          </td>
        </tr>
        <tr>
          <th>
            施工会社
          </th>
          <td>
            株式会社谷口工務店
          </td>
        </tr>
        <tr>
          <th>
            管理会社
          </th>
          <td>
            その他
          </td>
        </tr>
        <tr>
          <th>
            管理形態
          </th>
          <td>
            全部委託
          </td>
        </tr>
        <tr>
          <th>
            駐車場
          </th>
          <td>
            無し
          </td>
        </tr>
      </tbody>
    </table>
    <p
      class="note"
    >
      ※駐車場については過去の売却情報をベースに表記しており、空きがあることを保証するものではありません。
    </p>
  </section>
</DocumentFragment>
`;
