// Jest Snapshot v1, https://goo.gl/fbAQLP

exports[`components/pages/towns/Info/Wrting 正常に表示される 1`] = `
<DocumentFragment>
  <section
    class="container"
  >
    <h2>
      <div
        class="heading"
      >
        東京都目黒区青葉台周辺に関する情報
      </div>
    </h2>
    <div
      class="tableWrapper"
    >
      <table
        class="table"
      >
        <tbody>
          <tr>
            <th>
              <h3>
                東京都目黒区青葉台の紹介
              </h3>
            </th>
            <td>
              <p>
                目黒区青葉台は代官山と中目黒の間に位置し、品のある高級住宅街として人気のエリアです。周辺にはトレンドのスポットや高級レストランが充実しており、近年は若者の往来も多く、落ち着いた雰囲気と華やかな印象を兼ね備えたエリアです。
              </p>
              


              <p>
                目黒区青葉台の南東エリアは中目黒駅や代官山駅が徒歩圏内、北西エリアは神泉駅や池尻大橋駅が徒歩圏内です。15分～20分前後あれば徒歩で渋谷駅へ出られるためアクセスにも困りません。大通り沿いをメインにスーパーやコンビニも充実しており、日常の買い物にも便利です。
              </p>
              


              <p>
                目黒区は全体的に治安の良いエリアですが、青葉台周辺は特に住みやすいと評判です。夜は人通りが少なく暗い場所もありますが、治安が良いため女性の一人歩きもあまり心配ないでしょう。北西に伸びる神泉方面のエリアは繁華街に近いため、若干の注意が必要なケースもあります。
              </p>
              


              <p>
                目黒区青葉台は非常に住みやすく、華やかで充実した生活を送りたい場合におすすめのエリアです。住宅は戸建ての比率が高いですが、なかには中古マンションも存在します。ライフスタイルに合った物件を選ぶとよいでしょう。
              </p>
            </td>
          </tr>
          <tr>
            <th>
              <h3>
                東京都目黒区青葉台のマンション探しのコツ
              </h3>
            </th>
            <td>
              <p>
                目黒区青葉台のエリアから中目黒駅まで徒歩約5～20分、代官山駅まで徒歩約5分～20分、神泉駅まで約5～20分、池尻大橋駅まで徒歩約10～20分です。15～20分前後あれば渋谷へ直接出ることも可能です。
              </p>
              


              <p>
                中目黒駅は「東京メトロ日比谷線」「東急東横線」、代官山駅は「東急東横線」、神泉駅は「京王井の頭線」、池尻大橋駅は「東急田園都市線」が利用できます。
              </p>
              


              <p>
                中目黒駅は東急東横線で渋谷まで約3分。新宿駅までは乗り換え一回で約15分です。

                <br />
                代官山駅も同様に約2分、新宿駅まで約15分です。

                <br />
                神泉駅は京王井の頭線で渋谷まで約2分、新宿駅まで約16分です。

                <br />
                池尻大橋駅は東急田園都市線で渋谷駅まで約2分、新宿駅まで約16分で到着します。
              </p>
              


              <p>
                路線バスは山の手通りと旧山の手通り沿いをメインに「東急バス」が運行しています。また、渋谷駅のバスターミナルからは都内のあらゆる方面へバスが運行しています。
              </p>
              


              <p>
                目黒区青葉台の周囲には山の手通りと旧山の手通りが通っており、基本的に車利用にも不便しません。山手トンネルと3号渋谷線を結ぶ大橋ジャンクションも近くて便利です。住宅街エリアの中には一部一方通行の道路もあります。
              </p>
            </td>
          </tr>
          <tr>
            <th>
              <h3>
                東京都目黒区青葉台のおすすめエリア
              </h3>
            </th>
            <td>
              <p>
                目黒区青葉台は周辺に飲食店や買い物スポットが充実しており、一人暮らしや同棲カップルにおすすめです。
              </p>
              


              <p>
                徒歩圏内の目黒駅周辺にはお洒落で話題のスポットが沢山あります。2016年にオープンした「中目黒高架下」は若者に人気の商業施設で、レストランやカフェのほか雑貨店も揃っています。「中目黒 蔦屋書店」にはスターバックスが内設され、本を読みながらデートや待ち合わせに利用できます。本格的に買い物をしたいときはショッピング施設の集まる渋谷まで出るとよいでしょう。また、代官山周辺もお出かけにおすすめのエリアです。
              </p>
              


              <p>
                目黒川沿いのエリアには飲食店が充実しています。チェーン店は少ないですが、一人でも入りやすい「松屋」や「山本のハンバーグ 中目黒食堂」などがあります。一方、ミシュラン掲載のフレンチレストラン「クラフタル」や高級イタリア料理の「リストランテ カシーナ・カナミッラ」などレベルの高いレストランも多くあり、洗練された味を楽しめます。
              </p>
              


              <p>
                目黒区青葉台の中古マンションの相場は、1R,1Kで約3000万〜4,500万円です。1LDK,2LDKは約4,000万～1億2,000万円が相場です。
              </p>
            </td>
          </tr>
          <tr>
            <th>
              <h3>
                東京都目黒区青葉台の交通事情
              </h3>
            </th>
            <td>
              <p>
                目黒区青葉台は教育環境や公園施設も整っているため、ファミリー層にもおすすめです。
              </p>
              


              <p>
                エリア内には1875年開校の「目黒区立菅刈小学校」や「産業能率大代官山キャンパス」のほか、ダンス教室「EXPG STUDIO TOKYO」もあり、芸能人を多数輩出しています。学校施設だけでなくスクールや予備校が充実している点が特徴です。中央エリアにはファミリー層に人気の「目黒区立菅刈公園」があり、ブランコやすべり台など子供向けの遊具が揃っています。菅刈公園の隣にある「西郷山公園」も敷地が広く、富士山が見える展望台と滝があり、穏やかな休日を楽しめます。
              </p>
              


              <p>
                目黒区青葉台は落ち着いた環境があるため、閑静な住宅街で過ごしたいシニア層の方にもおすすめです。西郷山公園には芝生エリアもあり、都会に居ながら緑の中をゆっくり散歩できます。エリア内には「こばやし歯科クリニック」があるほか、隣の東山エリアへ出ると「足高・森内科クリニック」や「あおば医院」などの病院が多数充実しており、万が一のときも安心です。
              </p>
              


              <p>
                目黒区青葉台の中古マンションの相場は3LDK・4LDKで約8,000万～約2億円です。
              </p>
            </td>
          </tr>
          <tr>
            <th>
              <h3>
                東京都目黒区青葉台のおすすめスポット
              </h3>
            </th>
            <td>
              <p>
                目黒区青葉台には、「旧朝倉家住宅 （国指定重要文化財）」や「美空ひばり記念館」などの文化施設があり、観光スポットとしても有名です。
              </p>
              


              <p>
                また、夜遅くまで営業している「まいばすけっと目黒区青葉台1丁目」や、24時間営業の「ドン・キホーテ中目黒本店」などがあり、深夜の買い物にも困らないと評判です。犬専用のアウトドアグッズが購入できる「Out Tail Dog Outdoor Gear」は、ペットを飼っている層に人気です。
              </p>
              


              <p>
                エリア内には保育園をはじめとして教育施設が豊富にあり、先に紹介した施設のほかにも「BunBu学院 バイリンガルプレスクール」、「東京音楽大学」、「エポック総合教育研究所 トップアスリートアカデミー東京」、「学栄ナーサリー 目黒青葉台保育園」、「フェアリーテイル 中目黒園」など多数の教育施設が整っています。
              </p>
              


              <p>
                また、旧山の手通り沿いには結婚式場「代官山鳳鳴館」もあり、ブライダルで人気です。
              </p>
              

              <p>
                目黒川沿いの桜並木は春になるとお花見スポットとして賑わい、祭りやイベントが開催されます。夜桜も綺麗だと評判で、都内から多くの人が訪れます。
              </p>
              

            </td>
          </tr>
        </tbody>
      </table>
    </div>
  </section>
</DocumentFragment>
`;
