// Jest Snapshot v1, https://goo.gl/fbAQLP

exports[`components/pages/mansions/CitySummary 正常に表示される 1`] = `
<DocumentFragment>
  <section
    class="container"
  >
    <div
      class="btns"
    >
      <button
        class="show"
      >
        間取り別平均価格
      </button>
      <button
        class=""
      >
        築年数別平均価格
      </button>
    </div>
    <table
      class="table"
    >
      <thead>
        <tr>
          <th>
            間取り
          </th>
          <th>
            平均価格
          </th>
          <th>
            取引件数
          </th>
        </tr>
      </thead>
      <tbody>
        <tr>
          <td>
            1R
          </td>
          <td>
            4,231万7,600円
          </td>
          <td>
            190件
          </td>
        </tr>
        <tr>
          <td>
            1K
          </td>
          <td>
            3,044万5,900円
          </td>
          <td>
            983件
          </td>
        </tr>
        <tr>
          <td>
            1DK
          </td>
          <td>
            3,689万5,400円
          </td>
          <td>
            668件
          </td>
        </tr>
        <tr>
          <td>
            1LDK
          </td>
          <td>
            6,529万5,400円
          </td>
          <td>
            3513件
          </td>
        </tr>
      </tbody>
    </table>
    <button
      class="btn"
    >
      さらに表示する
    </button>
  </section>
</DocumentFragment>
`;
