// Jest Snapshot v1, https://goo.gl/fbAQLP

exports[`components/pages/cities/IndexedTowns 正常に表示される 1`] = `
<DocumentFragment>
  <section
    class="container"
  >
    <h2>
      <div
        class="heading"
      >
        東京都目黒区の人気のエリアから中古マンションを探す
      </div>
    </h2>
    <ul
      class="list"
    >
      <li
        class="item"
      >
        <button
          class="link"
          href="/towns/39025"
        >
          青葉台
          <span
            class="count"
          >
            (7件)
          </span>
        </button>
      </li>
      <li
        class="item"
      >
        <button
          class="link"
          href="/towns/39028"
        >
          柿の木坂
          <span
            class="count"
          >
            (5件)
          </span>
        </button>
      </li>
      <li
        class="item"
      >
        <button
          class="link"
          href="/towns/39031"
        >
          駒場
          <span
            class="count"
          >
            (5件)
          </span>
        </button>
      </li>
      <li
        class="item"
      >
        <button
          class="link"
          href="/towns/39044"
        >
          碑文谷
          <span
            class="count"
          >
            (14件)
          </span>
        </button>
      </li>
      <li
        class="item"
      >
        <button
          class="link"
          href="/towns/39049"
        >
          目黒本町
          <span
            class="count"
          >
            (16件)
          </span>
        </button>
      </li>
      <li
        class="item"
      >
        <button
          class="link"
          href="/towns/39050"
        >
          八雲
          <span
            class="count"
          >
            (8件)
          </span>
        </button>
      </li>
    </ul>
  </section>
</DocumentFragment>
`;
