// Jest Snapshot v1, https://goo.gl/fbAQLP

exports[`components/pages/cities/Info/Auto 正常に表示される 1`] = `
<DocumentFragment>
  <section
    class="container"
  >
    <h2>
      <div
        class="heading"
      >
        神奈川県横浜市鶴見区周辺に関する情報
      </div>
    </h2>
    <div
      class="tableWrapper"
    >
      <table
        class="table"
      >
        <tbody>
          <tr>
            <th>
              <h3>
                神奈川県横浜市鶴見区の基本情報
              </h3>
            </th>
            <td>
              <p>
                神奈川県横浜市鶴見区の人口は29万5,361人です。
                <br />
                神奈川県横浜市鶴見区の平均年収は409万3,624円で、神奈川県内で4位/58エリア中となっています。全国平均と比べると、26万6,376円下回っています。
              </p>
            </td>
          </tr>
          <tr>
            <th>
              <h3>
                神奈川県横浜市鶴見区の不動産事情
              </h3>
            </th>
            <td>
              <p>
                神奈川県横浜市鶴見区の平均坪単価は 183万8,553円です。神奈川県と比べると、1万6,452円低くなっています。
              </p>
            </td>
          </tr>
          <tr>
            <th>
              <h3>
                神奈川県横浜市鶴見区は生活事情
              </h3>
            </th>
            <td>
              <p>
                神奈川県横浜市鶴見区の1年間の犯罪件数は1035件で、神奈川県内で25位/58エリア中と治安のいいエリアになります。
              </p>
            </td>
          </tr>
          <tr>
            <th>
              <h3>
                神奈川県横浜市鶴見区の子育て事情
              </h3>
            </th>
            <td>
              <p>
                神奈川県横浜市鶴見区の幼稚園の数は16校で、神奈川県内で13位/58エリア中と少し探すのに苦労する可能性があります。
              </p>
            </td>
          </tr>
        </tbody>
      </table>
    </div>
  </section>
</DocumentFragment>
`;
