// Jest Snapshot v1, https://goo.gl/fbAQLP

exports[`components/commons/Header 正常に表示される 1`] = `
<DocumentFragment>
  <header
    class="header"
  >
    <div
      class="container"
    >
      <div
        class="humburger spOnly"
      >
        <div
          class="open"
        >
          <button>
            <span />
            <span />
            <span />
          </button>
        </div>
        <div
          class="container invisible"
        >
          <div
            class="close"
          >
            <button>
              ×
            </button>
          </div>
          <div
            class="content"
          >
            <div
              class="top"
            >
              <button
                class="title bg-white underline-solid font-size-md"
              >
                <div>
                  マンションライブラリーTOP
                </div>
                <div
                  class="arrow visible"
                >
                  <span />
                </div>
              </button>
            </div>
            <div
              class="tabArea"
            >
              <div
                class="tabContent"
              >
                <div
                  class=""
                >
                  <button
                    class="btn dark-brown"
                  >
                    物件を探す
                  </button>
                </div>
                <div
                  class=""
                >
                  <button
                    class="btn dark-brown outline"
                  >
                    お役立ち情報
                  </button>
                </div>
              </div>
            </div>
            <div
              class="body"
            >
              <div
                class="findMansions visible"
              >
                <div
                  class="container"
                >
                  <button
                    class="title close"
                  >
                    <div
                      class="title bg-transparent underline-solid font-size-md"
                    >
                      <div>
                        エリアから探す
                      </div>
                      <div
                        class="arrow invisible"
                      >
                        <span />
                      </div>
                    </div>
                    <div
                      class="togglerSection"
                    >
                      <div
                        class="toggler underline-solid"
                      >
                        <span
                          class="close"
                        />
                      </div>
                    </div>
                  </button>
                  <div
                    class="accordion invisible"
                  >
                    <button
                      class="title bg-white underline-dashed font-size-sm"
                    >
                      <div>
                        東京都
                      </div>
                      <div
                        class="arrow visible"
                      >
                        <span />
                      </div>
                    </button>
                    <button
                      class="title bg-white underline-dashed font-size-sm"
                    >
                      <div>
                        神奈川県
                      </div>
                      <div
                        class="arrow visible"
                      >
                        <span />
                      </div>
                    </button>
                    <button
                      class="title bg-white underline-dashed font-size-sm"
                    >
                      <div>
                        埼玉県
                      </div>
                      <div
                        class="arrow visible"
                      >
                        <span />
                      </div>
                    </button>
                    <button
                      class="title bg-white underline-dashed font-size-sm"
                    >
                      <div>
                        千葉県
                      </div>
                      <div
                        class="arrow visible"
                      >
                        <span />
                      </div>
                    </button>
                    <button
                      class="title bg-white underline-dashed font-size-sm"
                    >
                      <div>
                        大阪府
                      </div>
                      <div
                        class="arrow visible"
                      >
                        <span />
                      </div>
                    </button>
                    <button
                      class="title bg-white underline-dashed font-size-sm"
                    >
                      <div>
                        兵庫県
                      </div>
                      <div
                        class="arrow visible"
                      >
                        <span />
                      </div>
                    </button>
                    <button
                      class="title bg-white underline-dashed font-size-sm"
                    >
                      <div>
                        愛知県
                      </div>
                      <div
                        class="arrow visible"
                      >
                        <span />
                      </div>
                    </button>
                    <button
                      class="title bg-white underline-dashed font-size-sm"
                    >
                      <div>
                        福岡県
                      </div>
                      <div
                        class="arrow visible"
                      >
                        <span />
                      </div>
                    </button>
                  </div>
                </div>
                <div
                  class="container"
                >
                  <button
                    class="title close"
                  >
                    <div
                      class="title bg-transparent underline-solid font-size-md"
                    >
                      <div>
                        路線から探す
                      </div>
                      <div
                        class="arrow invisible"
                      >
                        <span />
                      </div>
                    </div>
                    <div
                      class="togglerSection"
                    >
                      <div
                        class="toggler underline-solid"
                      >
                        <span
                          class="close"
                        />
                      </div>
                    </div>
                  </button>
                  <div
                    class="accordion invisible"
                  >
                    <div
                      class="container"
                    >
                      <button
                        class="title close"
                      >
                        <div
                          class="title bg-transparent underline-dashed font-size-sm"
                        >
                          <div>
                            東京都
                          </div>
                          <div
                            class="arrow invisible"
                          >
                            <span />
                          </div>
                        </div>
                        <div
                          class="togglerSection"
                        >
                          <div
                            class="toggler underline-dashed"
                          >
                            <span
                              class="close"
                            />
                          </div>
                        </div>
                      </button>
                      <div
                        class="accordion invisible"
                      />
                    </div>
                    <div
                      class="container"
                    >
                      <button
                        class="title close"
                      >
                        <div
                          class="title bg-transparent underline-dashed font-size-sm"
                        >
                          <div>
                            神奈川県
                          </div>
                          <div
                            class="arrow invisible"
                          >
                            <span />
                          </div>
                        </div>
                        <div
                          class="togglerSection"
                        >
                          <div
                            class="toggler underline-dashed"
                          >
                            <span
                              class="close"
                            />
                          </div>
                        </div>
                      </button>
                      <div
                        class="accordion invisible"
                      />
                    </div>
                    <div
                      class="container"
                    >
                      <button
                        class="title close"
                      >
                        <div
                          class="title bg-transparent underline-dashed font-size-sm"
                        >
                          <div>
                            埼玉県
                          </div>
                          <div
                            class="arrow invisible"
                          >
                            <span />
                          </div>
                        </div>
                        <div
                          class="togglerSection"
                        >
                          <div
                            class="toggler underline-dashed"
                          >
                            <span
                              class="close"
                            />
                          </div>
                        </div>
                      </button>
                      <div
                        class="accordion invisible"
                      />
                    </div>
                    <div
                      class="container"
                    >
                      <button
                        class="title close"
                      >
                        <div
                          class="title bg-transparent underline-dashed font-size-sm"
                        >
                          <div>
                            千葉県
                          </div>
                          <div
                            class="arrow invisible"
                          >
                            <span />
                          </div>
                        </div>
                        <div
                          class="togglerSection"
                        >
                          <div
                            class="toggler underline-dashed"
                          >
                            <span
                              class="close"
                            />
                          </div>
                        </div>
                      </button>
                      <div
                        class="accordion invisible"
                      />
                    </div>
                    <div
                      class="container"
                    >
                      <button
                        class="title close"
                      >
                        <div
                          class="title bg-transparent underline-dashed font-size-sm"
                        >
                          <div>
                            大阪府
                          </div>
                          <div
                            class="arrow invisible"
                          >
                            <span />
                          </div>
                        </div>
                        <div
                          class="togglerSection"
                        >
                          <div
                            class="toggler underline-dashed"
                          >
                            <span
                              class="close"
                            />
                          </div>
                        </div>
                      </button>
                      <div
                        class="accordion invisible"
                      />
                    </div>
                    <div
                      class="container"
                    >
                      <button
                        class="title close"
                      >
                        <div
                          class="title bg-transparent underline-dashed font-size-sm"
                        >
                          <div>
                            兵庫県
                          </div>
                          <div
                            class="arrow invisible"
                          >
                            <span />
                          </div>
                        </div>
                        <div
                          class="togglerSection"
                        >
                          <div
                            class="toggler underline-dashed"
                          >
                            <span
                              class="close"
                            />
                          </div>
                        </div>
                      </button>
                      <div
                        class="accordion invisible"
                      />
                    </div>
                    <div
                      class="container"
                    >
                      <button
                        class="title close"
                      >
                        <div
                          class="title bg-transparent underline-dashed font-size-sm"
                        >
                          <div>
                            愛知県
                          </div>
                          <div
                            class="arrow invisible"
                          >
                            <span />
                          </div>
                        </div>
                        <div
                          class="togglerSection"
                        >
                          <div
                            class="toggler underline-dashed"
                          >
                            <span
                              class="close"
                            />
                          </div>
                        </div>
                      </button>
                      <div
                        class="accordion invisible"
                      />
                    </div>
                    <div
                      class="container"
                    >
                      <button
                        class="title close"
                      >
                        <div
                          class="title bg-transparent underline-dashed font-size-sm"
                        >
                          <div>
                            福岡県
                          </div>
                          <div
                            class="arrow invisible"
                          >
                            <span />
                          </div>
                        </div>
                        <div
                          class="togglerSection"
                        >
                          <div
                            class="toggler underline-dashed"
                          >
                            <span
                              class="close"
                            />
                          </div>
                        </div>
                      </button>
                      <div
                        class="accordion invisible"
                      />
                    </div>
                    <div
                      class="searchButtonOutline"
                    >
                      <div
                        class="searchButtonInline"
                      >
                        <div
                          class=""
                        >
                          <button
                            class="btn md brown outline disabled"
                            disabled=""
                          >
                            検索する
                          </button>
                        </div>
                      </div>
                    </div>
                  </div>
                </div>
                <div
                  class="container"
                >
                  <button
                    class="title close"
                  >
                    <div
                      class="title bg-transparent underline-solid font-size-md"
                    >
                      <div>
                        小学校区から探す
                      </div>
                      <div
                        class="arrow invisible"
                      >
                        <span />
                      </div>
                    </div>
                    <div
                      class="togglerSection"
                    >
                      <div
                        class="toggler underline-solid"
                      >
                        <span
                          class="close"
                        />
                      </div>
                    </div>
                  </button>
                  <div
                    class="accordion invisible"
                  >
                    <div
                      class="container"
                    >
                      <button
                        class="title close"
                      >
                        <div
                          class="title bg-transparent underline-dashed font-size-sm"
                        >
                          <div>
                            東京都
                          </div>
                          <div
                            class="arrow invisible"
                          >
                            <span />
                          </div>
                        </div>
                        <div
                          class="togglerSection"
                        >
                          <div
                            class="toggler underline-dashed"
                          >
                            <span
                              class="close"
                            />
                          </div>
                        </div>
                      </button>
                      <div
                        class="accordion invisible"
                      />
                    </div>
                    <div
                      class="container"
                    >
                      <button
                        class="title close"
                      >
                        <div
                          class="title bg-transparent underline-dashed font-size-sm"
                        >
                          <div>
                            神奈川県
                          </div>
                          <div
                            class="arrow invisible"
                          >
                            <span />
                          </div>
                        </div>
                        <div
                          class="togglerSection"
                        >
                          <div
                            class="toggler underline-dashed"
                          >
                            <span
                              class="close"
                            />
                          </div>
                        </div>
                      </button>
                      <div
                        class="accordion invisible"
                      />
                    </div>
                    <div
                      class="container"
                    >
                      <button
                        class="title close"
                      >
                        <div
                          class="title bg-transparent underline-dashed font-size-sm"
                        >
                          <div>
                            埼玉県
                          </div>
                          <div
                            class="arrow invisible"
                          >
                            <span />
                          </div>
                        </div>
                        <div
                          class="togglerSection"
                        >
                          <div
                            class="toggler underline-dashed"
                          >
                            <span
                              class="close"
                            />
                          </div>
                        </div>
                      </button>
                      <div
                        class="accordion invisible"
                      />
                    </div>
                    <div
                      class="container"
                    >
                      <button
                        class="title close"
                      >
                        <div
                          class="title bg-transparent underline-dashed font-size-sm"
                        >
                          <div>
                            千葉県
                          </div>
                          <div
                            class="arrow invisible"
                          >
                            <span />
                          </div>
                        </div>
                        <div
                          class="togglerSection"
                        >
                          <div
                            class="toggler underline-dashed"
                          >
                            <span
                              class="close"
                            />
                          </div>
                        </div>
                      </button>
                      <div
                        class="accordion invisible"
                      />
                    </div>
                    <div
                      class="container"
                    >
                      <button
                        class="title close"
                      >
                        <div
                          class="title bg-transparent underline-dashed font-size-sm"
                        >
                          <div>
                            大阪府
                          </div>
                          <div
                            class="arrow invisible"
                          >
                            <span />
                          </div>
                        </div>
                        <div
                          class="togglerSection"
                        >
                          <div
                            class="toggler underline-dashed"
                          >
                            <span
                              class="close"
                            />
                          </div>
                        </div>
                      </button>
                      <div
                        class="accordion invisible"
                      />
                    </div>
                    <div
                      class="container"
                    >
                      <button
                        class="title close"
                      >
                        <div
                          class="title bg-transparent underline-dashed font-size-sm"
                        >
                          <div>
                            兵庫県
                          </div>
                          <div
                            class="arrow invisible"
                          >
                            <span />
                          </div>
                        </div>
                        <div
                          class="togglerSection"
                        >
                          <div
                            class="toggler underline-dashed"
                          >
                            <span
                              class="close"
                            />
                          </div>
                        </div>
                      </button>
                      <div
                        class="accordion invisible"
                      />
                    </div>
                    <div
                      class="container"
                    >
                      <button
                        class="title close"
                      >
                        <div
                          class="title bg-transparent underline-dashed font-size-sm"
                        >
                          <div>
                            愛知県
                          </div>
                          <div
                            class="arrow invisible"
                          >
                            <span />
                          </div>
                        </div>
                        <div
                          class="togglerSection"
                        >
                          <div
                            class="toggler underline-dashed"
                          >
                            <span
                              class="close"
                            />
                          </div>
                        </div>
                      </button>
                      <div
                        class="accordion invisible"
                      />
                    </div>
                    <div
                      class="searchButtonOutline"
                    >
                      <div
                        class="searchButtonInline"
                      >
                        <div
                          class=""
                        >
                          <button
                            class="btn md brown outline disabled"
                            disabled=""
                          >
                            検索する
                          </button>
                        </div>
                      </div>
                    </div>
                  </div>
                </div>
                <div
                  class="container"
                >
                  <button
                    class="title close"
                  >
                    <div
                      class="title bg-transparent underline-solid font-size-md"
                    >
                      <div>
                        マンションブランドから探す
                      </div>
                      <div
                        class="arrow invisible"
                      >
                        <span />
                      </div>
                    </div>
                    <div
                      class="togglerSection"
                    >
                      <div
                        class="toggler underline-solid"
                      >
                        <span
                          class="close"
                        />
                      </div>
                    </div>
                  </button>
                  <div
                    class="accordion invisible"
                  />
                </div>
              </div>
              <div
                class="usefulInfo invisible"
              >
                <a
                  href="/column"
                >
                  <button
                    class="title bg-white underline-solid font-size-md"
                  >
                    <div>
                      コラムを見る
                    </div>
                    <div
                      class="arrow visible"
                    >
                      <span />
                    </div>
                  </button>
                </a>
              </div>
              <div
                class="commons"
              >
                <button
                  class="title bg-white underline-solid font-size-md"
                >
                  <div>
                    未公開物件を含む理想の物件
                    <br />
                    を探している方はこちら
                  </div>
                  <div
                    class="arrow visible"
                  >
                    <span />
                  </div>
                </button>
                <button
                  class="title bg-white underline-solid font-size-md"
                >
                  <div>
                    複数の不動産会社から物件を
                    <br />
                    提案して欲しい方はこちら
                  </div>
                  <div
                    class="arrow visible"
                  >
                    <span />
                  </div>
                </button>
                <button
                  class="title bg-white underline-solid font-size-md"
                >
                  <div>
                    マンション売却を検討中の方はこちら
                  </div>
                  <div
                    class="arrow visible"
                  >
                    <span />
                  </div>
                </button>
              </div>
            </div>
          </div>
        </div>
      </div>
      <div
        class="logoContainer"
      >
        <a
          class="link"
          href="/"
        >
          <div
            style="display: inline-block; max-width: 100%; overflow: hidden; position: relative; box-sizing: border-box; margin: 0px;"
          >
            <div
              style="box-sizing: border-box; display: block; max-width: 100%;"
            >
              <img
                alt=""
                aria-hidden="true"
                src="data:image/svg+xml;base64,PHN2ZyB3aWR0aD0iOTUiIGhlaWdodD0iMjYiIHhtbG5zPSJodHRwOi8vd3d3LnczLm9yZy8yMDAwL3N2ZyIgdmVyc2lvbj0iMS4xIi8+"
                style="max-width: 100%; display: block; margin: 0px; padding: 0px;"
              />
            </div>
            <img
              alt="housii"
              class="logo"
              data-nimg="true"
              decoding="async"
              src="/_next/image?url=%2Fms-library%2Fimages%2Fcommons%2Flogo.png&w=256&q=75"
              srcset="/_next/image?url=%2Fms-library%2Fimages%2Fcommons%2Flogo.png&w=96&q=75 1x, /_next/image?url=%2Fms-library%2Fimages%2Fcommons%2Flogo.png&w=256&q=75 2x"
              style="position: absolute; top: 0px; left: 0px; bottom: 0px; right: 0px; box-sizing: border-box; padding: 0px; margin: auto; display: block; width: 0px; height: 0px; min-width: 100%; max-width: 100%; min-height: 100%; max-height: 100%;"
            />
          </div>
        </a>
      </div>
      <div
        class="pcOnly"
      >
        <form
          action="/ms-library/freeword/"
          class="form"
          method="GET"
        >
          <input
            name="wd"
            placeholder="マンション名を入力してください"
            type="text"
            value=""
          />
          <button
            class="submit"
            type="submit"
          >
            <div
              style="display: inline-block; max-width: 100%; overflow: hidden; position: relative; box-sizing: border-box; margin: 0px;"
            >
              <div
                style="box-sizing: border-box; display: block; max-width: 100%;"
              >
                <img
                  alt=""
                  aria-hidden="true"
                  src="data:image/svg+xml;base64,PHN2ZyB3aWR0aD0iMTgiIGhlaWdodD0iMTgiIHhtbG5zPSJodHRwOi8vd3d3LnczLm9yZy8yMDAwL3N2ZyIgdmVyc2lvbj0iMS4xIi8+"
                  style="max-width: 100%; display: block; margin: 0px; padding: 0px;"
                />
              </div>
              <img
                alt="housii"
                class="search"
                data-nimg="true"
                decoding="async"
                src="/_next/image?url=%2Fms-library%2Fimages%2Fsearch.svg&w=48&q=75"
                srcset="/_next/image?url=%2Fms-library%2Fimages%2Fsearch.svg&w=32&q=75 1x, /_next/image?url=%2Fms-library%2Fimages%2Fsearch.svg&w=48&q=75 2x"
                style="position: absolute; top: 0px; left: 0px; bottom: 0px; right: 0px; box-sizing: border-box; padding: 0px; margin: auto; display: block; width: 0px; height: 0px; min-width: 100%; max-width: 100%; min-height: 100%; max-height: 100%;"
              />
            </div>
          </button>
        </form>
      </div>
    </div>
  </header>
</DocumentFragment>
`;
