// Jest Snapshot v1, https://goo.gl/fbAQLP

exports[`components/pages/stations/NeighborStations 正常に表示される 1`] = `
<DocumentFragment>
  <section
    class="container"
  >
    <h2>
      <div
        class="heading"
      >
        横浜駅の乗り入れ路線の隣接駅から中古マンションを探す
      </div>
    </h2>
    <ul
      class="list"
    >
      <li
        class="item"
      >
        <button
          class="link"
          href="/stations/1321"
        >
          新橋駅
          <span
            class="count"
          >
            (undefined件)
          </span>
        </button>
      </li>
      <li
        class="item"
      >
        <button
          class="link"
          href="/stations/1323"
        >
          川崎駅
          <span
            class="count"
          >
            (undefined件)
          </span>
        </button>
      </li>
      <li
        class="item"
      >
        <button
          class="link"
          href="/stations/1368"
        >
          田町駅
          <span
            class="count"
          >
            (undefined件)
          </span>
        </button>
      </li>
      <li
        class="item"
      >
        <button
          class="link"
          href="/stations/1370"
        >
          高輪ゲートウェイ駅
          <span
            class="count"
          >
            (undefined件)
          </span>
        </button>
      </li>
      <li
        class="item"
      >
        <button
          class="link"
          href="/stations/1475"
        >
          西大井駅
          <span
            class="count"
          >
            (undefined件)
          </span>
        </button>
      </li>
      <li
        class="item"
      >
        <button
          class="link"
          href="/stations/1934"
        >
          渋谷駅
          <span
            class="count"
          >
            (undefined件)
          </span>
        </button>
      </li>
      <li
        class="item"
      >
        <button
          class="link"
          href="/stations/1936"
        >
          東京駅
          <span
            class="count"
          >
            (undefined件)
          </span>
        </button>
      </li>
      <li
        class="item"
      >
        <button
          class="link"
          href="/stations/2002"
        >
          大井町駅
          <span
            class="count"
          >
            (undefined件)
          </span>
        </button>
      </li>
      <li
        class="item"
      >
        <button
          class="link"
          href="/stations/5727"
        >
          泉岳寺駅
          <span
            class="count"
          >
            (undefined件)
          </span>
        </button>
      </li>
      <li
        class="item"
      >
        <button
          class="link"
          href="/stations/5729"
        >
          北品川駅
          <span
            class="count"
          >
            (undefined件)
          </span>
        </button>
      </li>
    </ul>
  </section>
</DocumentFragment>
`;
