// Jest Snapshot v1, https://goo.gl/fbAQLP

exports[`components/pages/prefectures/Lines 正常に表示される 1`] = `
<DocumentFragment>
  <section
    class="container"
  >
    <h2>
      <div
        class="heading"
      >
        沿線を選択する
      </div>
    </h2>
    <div
      class="company"
    >
      <p
        class="companyName"
      >
        JR東日本
      </p>
      <ul
        class="list"
      >
        <li
          class="item"
        >
          <button
            class="link"
            href="/lines/62"
          >
            東海道線
            <span
              class="count"
            >
              (390件)
            </span>
          </button>
        </li>
        <li
          class="item"
        >
          <button
            class="link"
            href="/lines/63"
          >
            山手線
            <span
              class="count"
            >
              (650件)
            </span>
          </button>
        </li>
        <li
          class="item"
        >
          <button
            class="link"
            href="/lines/64"
          >
            南武線
            <span
              class="count"
            >
              (332件)
            </span>
          </button>
        </li>
        <li
          class="item"
        >
          <button
            class="link"
            href="/lines/66"
          >
            武蔵野線
            <span
              class="count"
            >
              (239件)
            </span>
          </button>
        </li>
        <li
          class="item"
        >
          <button
            class="link"
            href="/lines/67"
          >
            横浜線
            <span
              class="count"
            >
              (205件)
            </span>
          </button>
        </li>
        <li
          class="item"
        >
          <button
            class="link"
            href="/lines/69"
          >
            横須賀線
            <span
              class="count"
            >
              (278件)
            </span>
          </button>
        </li>
        <li
          class="item"
        >
          <button
            class="link"
            href="/lines/71"
          >
            JR中央本線(東京～塩尻)
            <span
              class="count"
            >
              (252件)
            </span>
          </button>
        </li>
        <li
          class="item"
        >
          <button
            class="link"
            href="/lines/72"
          >
            中央線(快速)
            <span
              class="count"
            >
              (518件)
            </span>
          </button>
        </li>
        <li
          class="item"
        >
          <button
            class="link"
            href="/lines/73"
          >
            中央・総武線
            <span
              class="count"
            >
              (978件)
            </span>
          </button>
        </li>
        <li
          class="item"
        >
          <button
            class="link"
            href="/lines/74"
          >
            総武線
            <span
              class="count"
            >
              (302件)
            </span>
          </button>
        </li>
        <li
          class="item"
        >
          <button
            class="link"
            href="/lines/75"
          >
            青梅線
            <span
              class="count"
            >
              (58件)
            </span>
          </button>
        </li>
        <li
          class="item"
        >
          <button
            class="link"
            href="/lines/76"
          >
            JR五日市線
            <span
              class="count"
            >
              (1件)
            </span>
          </button>
        </li>
        <li
          class="item"
        >
          <button
            class="link"
            href="/lines/77"
          >
            八高線
            <span
              class="count"
            >
              (23件)
            </span>
          </button>
        </li>
        <li
          class="item"
        >
          <button
            class="link"
            href="/lines/79"
          >
            宇都宮線
            <span
              class="count"
            >
              (196件)
            </span>
          </button>
        </li>
        <li
          class="item"
        >
          <button
            class="link"
            href="/lines/80"
          >
            常磐線
            <span
              class="count"
            >
              (315件)
            </span>
          </button>
        </li>
        <li
          class="item"
        >
          <button
            class="link"
            href="/lines/81"
          >
            埼京線
            <span
              class="count"
            >
              (413件)
            </span>
          </button>
        </li>
        <li
          class="item"
        >
          <button
            class="link"
            href="/lines/83"
          >
            高崎線
            <span
              class="count"
            >
              (223件)
            </span>
          </button>
        </li>
        <li
          class="item"
        >
          <button
            class="link"
            href="/lines/86"
          >
            京葉線
            <span
              class="count"
            >
              (168件)
            </span>
          </button>
        </li>
        <li
          class="item"
        >
          <button
            class="link"
            href="/lines/88"
          >
            JR成田エクスプレス
            <span
              class="count"
            >
              (541件)
            </span>
          </button>
        </li>
        <li
          class="item"
        >
          <button
            class="link"
            href="/lines/92"
          >
            京浜東北線
            <span
              class="count"
            >
              (975件)
            </span>
          </button>
        </li>
        <li
          class="item"
        >
          <button
            class="link"
            href="/lines/93"
          >
            湘南新宿ライン
            <span
              class="count"
            >
              (486件)
            </span>
          </button>
        </li>
        <li
          class="item"
        >
          <button
            class="link"
            href="/lines/102"
          >
            上野東京ライン
            <span
              class="count"
            >
              (31件)
            </span>
          </button>
        </li>
      </ul>
    </div>
    <div
      class="company"
    >
      <p
        class="companyName"
      >
        東武鉄道
      </p>
      <ul
        class="list"
      >
        <li
          class="item"
        >
          <button
            class="link"
            href="/lines/230"
          >
            東武東上線
            <span
              class="count"
            >
              (353件)
            </span>
          </button>
        </li>
        <li
          class="item"
        >
          <button
            class="link"
            href="/lines/231"
          >
            伊勢崎線
            <span
              class="count"
            >
              (341件)
            </span>
          </button>
        </li>
        <li
          class="item"
        >
          <button
            class="link"
            href="/lines/234"
          >
            東武亀戸線
            <span
              class="count"
            >
              (84件)
            </span>
          </button>
        </li>
        <li
          class="item"
        >
          <button
            class="link"
            href="/lines/235"
          >
            東武大師線
            <span
              class="count"
            >
              (28件)
            </span>
          </button>
        </li>
      </ul>
    </div>
    <div
      class="company"
    >
      <p
        class="companyName"
      >
        西武鉄道
      </p>
      <ul
        class="list"
      >
        <li
          class="item"
        >
          <button
            class="link"
            href="/lines/242"
          >
            西武池袋線
            <span
              class="count"
            >
              (306件)
            </span>
          </button>
        </li>
        <li
          class="item"
        >
          <button
            class="link"
            href="/lines/244"
          >
            西武有楽町
            <span
              class="count"
            >
              (48件)
            </span>
          </button>
        </li>
        <li
          class="item"
        >
          <button
            class="link"
            href="/lines/245"
          >
            西武豊島線
            <span
              class="count"
            >
              (40件)
            </span>
          </button>
        </li>
        <li
          class="item"
        >
          <button
            class="link"
            href="/lines/248"
          >
            西武新宿線
            <span
              class="count"
            >
              (307件)
            </span>
          </button>
        </li>
        <li
          class="item"
        >
          <button
            class="link"
            href="/lines/249"
          >
            西武拝島線
            <span
              class="count"
            >
              (36件)
            </span>
          </button>
        </li>
        <li
          class="item"
        >
          <button
            class="link"
            href="/lines/250"
          >
            西武西武園線
            <span
              class="count"
            >
              (4件)
            </span>
          </button>
        </li>
        <li
          class="item"
        >
          <button
            class="link"
            href="/lines/251"
          >
            国分寺線
            <span
              class="count"
            >
              (38件)
            </span>
          </button>
        </li>
        <li
          class="item"
        >
          <button
            class="link"
            href="/lines/252"
          >
            多摩湖線
            <span
              class="count"
            >
              (37件)
            </span>
          </button>
        </li>
        <li
          class="item"
        >
          <button
            class="link"
            href="/lines/253"
          >
            西武多摩川
            <span
              class="count"
            >
              (24件)
            </span>
          </button>
        </li>
      </ul>
    </div>
    <div
      class="company"
    >
      <p
        class="companyName"
      >
        京成電鉄
      </p>
      <ul
        class="list"
      >
        <li
          class="item"
        >
          <button
            class="link"
            href="/lines/254"
          >
            京成本線
            <span
              class="count"
            >
              (229件)
            </span>
          </button>
        </li>
        <li
          class="item"
        >
          <button
            class="link"
            href="/lines/255"
          >
            京成押上線
            <span
              class="count"
            >
              (109件)
            </span>
          </button>
        </li>
        <li
          class="item"
        >
          <button
            class="link"
            href="/lines/256"
          >
            京成金町線
            <span
              class="count"
            >
              (38件)
            </span>
          </button>
        </li>
        <li
          class="item"
        >
          <button
            class="link"
            href="/lines/259"
          >
            成田スカイアクセス
            <span
              class="count"
            >
              (83件)
            </span>
          </button>
        </li>
      </ul>
    </div>
    <div
      class="company"
    >
      <p
        class="companyName"
      >
        京王電鉄
      </p>
      <ul
        class="list"
      >
        <li
          class="item"
        >
          <button
            class="link"
            href="/lines/260"
          >
            京王線
            <span
              class="count"
            >
              (342件)
            </span>
          </button>
        </li>
        <li
          class="item"
        >
          <button
            class="link"
            href="/lines/261"
          >
            相模原線
            <span
              class="count"
            >
              (113件)
            </span>
          </button>
        </li>
        <li
          class="item"
        >
          <button
            class="link"
            href="/lines/262"
          >
            京王高尾線
            <span
              class="count"
            >
              (9件)
            </span>
          </button>
        </li>
        <li
          class="item"
        >
          <button
            class="link"
            href="/lines/263"
          >
            京王競馬場線
            <span
              class="count"
            >
              (17件)
            </span>
          </button>
        </li>
        <li
          class="item"
        >
          <button
            class="link"
            href="/lines/264"
          >
            京王動物園線
            <span
              class="count"
            >
              (4件)
            </span>
          </button>
        </li>
        <li
          class="item"
        >
          <button
            class="link"
            href="/lines/265"
          >
            井の頭線
            <span
              class="count"
            >
              (203件)
            </span>
          </button>
        </li>
        <li
          class="item"
        >
          <button
            class="link"
            href="/lines/266"
          >
            京王線
            <span
              class="count"
            >
              (61件)
            </span>
          </button>
        </li>
      </ul>
    </div>
    <div
      class="company"
    >
      <p
        class="companyName"
      >
        小田急電鉄
      </p>
      <ul
        class="list"
      >
        <li
          class="item"
        >
          <button
            class="link"
            href="/lines/267"
          >
            小田急線
            <span
              class="count"
            >
              (484件)
            </span>
          </button>
        </li>
        <li
          class="item"
        >
          <button
            class="link"
            href="/lines/269"
          >
            多摩線
            <span
              class="count"
            >
              (97件)
            </span>
          </button>
        </li>
      </ul>
    </div>
    <div
      class="company"
    >
      <p
        class="companyName"
      >
        東急電鉄
      </p>
      <ul
        class="list"
      >
        <li
          class="item"
        >
          <button
            class="link"
            href="/lines/270"
          >
            東横線
            <span
              class="count"
            >
              (417件)
            </span>
          </button>
        </li>
        <li
          class="item"
        >
          <button
            class="link"
            href="/lines/271"
          >
            目黒線
            <span
              class="count"
            >
              (235件)
            </span>
          </button>
        </li>
        <li
          class="item"
        >
          <button
            class="link"
            href="/lines/272"
          >
            田園都市線
            <span
              class="count"
            >
              (518件)
            </span>
          </button>
        </li>
        <li
          class="item"
        >
          <button
            class="link"
            href="/lines/273"
          >
            大井町線
            <span
              class="count"
            >
              (185件)
            </span>
          </button>
        </li>
        <li
          class="item"
        >
          <button
            class="link"
            href="/lines/274"
          >
            池上線
            <span
              class="count"
            >
              (181件)
            </span>
          </button>
        </li>
        <li
          class="item"
        >
          <button
            class="link"
            href="/lines/275"
          >
            東急多摩川
            <span
              class="count"
            >
              (89件)
            </span>
          </button>
        </li>
        <li
          class="item"
        >
          <button
            class="link"
            href="/lines/276"
          >
            世田谷線
            <span
              class="count"
            >
              (74件)
            </span>
          </button>
        </li>
      </ul>
    </div>
    <div
      class="company"
    >
      <p
        class="companyName"
      >
        京急電鉄
      </p>
      <ul
        class="list"
      >
        <li
          class="item"
        >
          <button
            class="link"
            href="/lines/278"
          >
            京浜急行線
            <span
              class="count"
            >
              (498件)
            </span>
          </button>
        </li>
        <li
          class="item"
        >
          <button
            class="link"
            href="/lines/279"
          >
            京急空港線
            <span
              class="count"
            >
              (49件)
            </span>
          </button>
        </li>
      </ul>
    </div>
    <div
      class="company"
    >
      <p
        class="companyName"
      >
        東京メトロ
      </p>
      <ul
        class="list"
      >
        <li
          class="item"
        >
          <button
            class="link"
            href="/lines/283"
          >
            銀座線
            <span
              class="count"
            >
              (223件)
            </span>
          </button>
        </li>
        <li
          class="item"
        >
          <button
            class="link"
            href="/lines/284"
          >
            丸ノ内線
            <span
              class="count"
            >
              (409件)
            </span>
          </button>
        </li>
        <li
          class="item"
        >
          <button
            class="link"
            href="/lines/285"
          >
            日比谷線
            <span
              class="count"
            >
              (492件)
            </span>
          </button>
        </li>
        <li
          class="item"
        >
          <button
            class="link"
            href="/lines/286"
          >
            東西線
            <span
              class="count"
            >
              (406件)
            </span>
          </button>
        </li>
        <li
          class="item"
        >
          <button
            class="link"
            href="/lines/287"
          >
            千代田線
            <span
              class="count"
            >
              (323件)
            </span>
          </button>
        </li>
        <li
          class="item"
        >
          <button
            class="link"
            href="/lines/288"
          >
            有楽町線
            <span
              class="count"
            >
              (403件)
            </span>
          </button>
        </li>
        <li
          class="item"
        >
          <button
            class="link"
            href="/lines/289"
          >
            半蔵門線
            <span
              class="count"
            >
              (331件)
            </span>
          </button>
        </li>
        <li
          class="item"
        >
          <button
            class="link"
            href="/lines/290"
          >
            南北線
            <span
              class="count"
            >
              (399件)
            </span>
          </button>
        </li>
        <li
          class="item"
        >
          <button
            class="link"
            href="/lines/291"
          >
            副都心線
            <span
              class="count"
            >
              (260件)
            </span>
          </button>
        </li>
      </ul>
    </div>
    <div
      class="company"
    >
      <p
        class="companyName"
      >
        東京都交通局
      </p>
      <ul
        class="list"
      >
        <li
          class="item"
        >
          <button
            class="link"
            href="/lines/402"
          >
            大江戸線
            <span
              class="count"
            >
              (695件)
            </span>
          </button>
        </li>
        <li
          class="item"
        >
          <button
            class="link"
            href="/lines/403"
          >
            都営浅草線
            <span
              class="count"
            >
              (387件)
            </span>
          </button>
        </li>
        <li
          class="item"
        >
          <button
            class="link"
            href="/lines/404"
          >
            都営三田線
            <span
              class="count"
            >
              (431件)
            </span>
          </button>
        </li>
        <li
          class="item"
        >
          <button
            class="link"
            href="/lines/405"
          >
            都営新宿線
            <span
              class="count"
            >
              (383件)
            </span>
          </button>
        </li>
        <li
          class="item"
        >
          <button
            class="link"
            href="/lines/406"
          >
            都電荒川線
            <span
              class="count"
            >
              (125件)
            </span>
          </button>
        </li>
        <li
          class="item"
        >
          <button
            class="link"
            href="/lines/443"
          >
            日暮里舎人
            <span
              class="count"
            >
              (104件)
            </span>
          </button>
        </li>
      </ul>
    </div>
    <div
      class="company"
    >
      <p
        class="companyName"
      >
        埼玉高速鉄道
      </p>
      <ul
        class="list"
      >
        <li
          class="item"
        >
          <button
            class="link"
            href="/lines/408"
          >
            埼玉高速線
            <span
              class="count"
            >
              (81件)
            </span>
          </button>
        </li>
      </ul>
    </div>
    <div
      class="company"
    >
      <p
        class="companyName"
      >
        首都圏新都市鉄道
      </p>
      <ul
        class="list"
      >
        <li
          class="item"
        >
          <button
            class="link"
            href="/lines/410"
          >
            つくばＥＸ
            <span
              class="count"
            >
              (285件)
            </span>
          </button>
        </li>
      </ul>
    </div>
    <div
      class="company"
    >
      <p
        class="companyName"
      >
        ゆりかもめ
      </p>
      <ul
        class="list"
      >
        <li
          class="item"
        >
          <button
            class="link"
            href="/lines/412"
          >
            ゆりかもめ
            <span
              class="count"
            >
              (68件)
            </span>
          </button>
        </li>
      </ul>
    </div>
    <div
      class="company"
    >
      <p
        class="companyName"
      >
        多摩都市モノレール
      </p>
      <ul
        class="list"
      >
        <li
          class="item"
        >
          <button
            class="link"
            href="/lines/435"
          >
            多摩モノレール
            <span
              class="count"
            >
              (40件)
            </span>
          </button>
        </li>
      </ul>
    </div>
    <div
      class="company"
    >
      <p
        class="companyName"
      >
        東京モノレール
      </p>
      <ul
        class="list"
      >
        <li
          class="item"
        >
          <button
            class="link"
            href="/lines/437"
          >
            東京モノレール
            <span
              class="count"
            >
              (22件)
            </span>
          </button>
        </li>
      </ul>
    </div>
    <div
      class="company"
    >
      <p
        class="companyName"
      >
        東京臨海高速鉄道
      </p>
      <ul
        class="list"
      >
        <li
          class="item"
        >
          <button
            class="link"
            href="/lines/438"
          >
            りんかい線
            <span
              class="count"
            >
              (86件)
            </span>
          </button>
        </li>
      </ul>
    </div>
    <div
      class="company"
    >
      <p
        class="companyName"
      >
        北総鉄道
      </p>
      <ul
        class="list"
      >
        <li
          class="item"
        >
          <button
            class="link"
            href="/lines/441"
          >
            北総線
            <span
              class="count"
            >
              (44件)
            </span>
          </button>
        </li>
      </ul>
    </div>
  </section>
</DocumentFragment>
`;
