// Jest Snapshot v1, https://goo.gl/fbAQLP

exports[`components/pages/schools/OtherSchools 正常に表示される 1`] = `
<DocumentFragment>
  <section
    class="container"
  >
    <h2>
      <div
        class="heading"
      >
        笄小学校区周辺の小学校区から中古マンションを探す
      </div>
    </h2>
    <ul
      class="list"
    >
      <li
        class="item"
      >
        <button
          class="link"
          href="/schools/30021"
        >
          御成門小学校区
          <span
            class="count"
          >
            (8件)
          </span>
        </button>
      </li>
      <li
        class="item"
      >
        <button
          class="link"
          href="/schools/30022"
        >
          芝小学校区
          <span
            class="count"
          >
            (5件)
          </span>
        </button>
      </li>
      <li
        class="item"
      >
        <button
          class="link"
          href="/schools/30023"
        >
          笄小学校区
          <span
            class="count"
          >
            (11件)
          </span>
        </button>
      </li>
      <li
        class="item"
      >
        <button
          class="link"
          href="/schools/30024"
        >
          麻布小学校区
          <span
            class="count"
          >
            (10件)
          </span>
        </button>
      </li>
      <li
        class="item"
      >
        <button
          class="link"
          href="/schools/30025"
        >
          南山小学校区
          <span
            class="count"
          >
            (2件)
          </span>
        </button>
      </li>
      <li
        class="item"
      >
        <button
          class="link"
          href="/schools/30026"
        >
          東町小学校区
          <span
            class="count"
          >
            (8件)
          </span>
        </button>
      </li>
      <li
        class="item"
      >
        <button
          class="link"
          href="/schools/30027"
        >
          本村小学校区
          <span
            class="count"
          >
            (6件)
          </span>
        </button>
      </li>
      <li
        class="item"
      >
        <button
          class="link"
          href="/schools/30028"
        >
          赤坂小学校区
          <span
            class="count"
          >
            (18件)
          </span>
        </button>
      </li>
      <li
        class="item"
      >
        <button
          class="link"
          href="/schools/30029"
        >
          青山小学校区
          <span
            class="count"
          >
            (1件)
          </span>
        </button>
      </li>
      <li
        class="item"
      >
        <button
          class="link"
          href="/schools/30030"
        >
          青南小学校区
          <span
            class="count"
          >
            (3件)
          </span>
        </button>
      </li>
      <li
        class="item"
      >
        <button
          class="link"
          href="/schools/30031"
        >
          芝浦小学校区
          <span
            class="count"
          >
            (9件)
          </span>
        </button>
      </li>
      <li
        class="item"
      >
        <button
          class="link"
          href="/schools/30032"
        >
          白金小学校区
          <span
            class="count"
          >
            (4件)
          </span>
        </button>
      </li>
      <li
        class="item"
      >
        <button
          class="link"
          href="/schools/30035"
        >
          御田小学校区
          <span
            class="count"
          >
            (6件)
          </span>
        </button>
      </li>
      <li
        class="item"
      >
        <button
          class="link"
          href="/schools/30036"
        >
          赤羽小学校区
          <span
            class="count"
          >
            (4件)
          </span>
        </button>
      </li>
      <li
        class="item"
      >
        <button
          class="link"
          href="/schools/30037"
        >
          高輪台小学校区
          <span
            class="count"
          >
            (11件)
          </span>
        </button>
      </li>
      <li
        class="item"
      >
        <button
          class="link"
          href="/schools/30038"
        >
          港南小学校区
          <span
            class="count"
          >
            (8件)
          </span>
        </button>
      </li>
    </ul>
  </section>
</DocumentFragment>
`;
