// Jest Snapshot v1, https://goo.gl/fbAQLP

exports[`components/pages/index/Columns 正常に表示される 1`] = `
<DocumentFragment>
  <section
    class="container"
  >
    <h2
      class="title"
    >
      物件探しお役立ちコラム
    </h2>
    <div
      class="subTitle"
    >
      <h3>
        新着コラム
      </h3>
    </div>
    <div
      class="slider pcOnly"
    >
      <button
        class="arrow prev"
      />
      <button
        class="arrow next"
      />
      <div
        class="sliderInner"
      >
        <div
          class="slides"
          style="width: 1760px; transform: translateX(0px);"
        >
          <a
            class="block"
            href="/column/articles/21212"
          >
            <div
              class="image"
            >
              <img
                alt="中古マンションの築年数は何年が買い時？寿命や耐震性まで解説"
                src="https://stg.ieul.jp/column/wp-content/uploads/2021/04/second-hand-mansion-age-1024x683.jpg"
              />
            </div>
            <div
              class="text"
            >
              中古マンションの築年数は何年が買い時？寿命や耐震性まで解説
            </div>
          </a>
          <a
            class="block"
            href="/column/articles/21227"
          >
            <div
              class="image"
            >
              <img
                alt="マンションか戸建てかどっちか決められない！悩んだ時のポイントを解説"
                src="https://stg.ieul.jp/column/wp-content/uploads/2021/04/築30年のマンション-1-1024x576.png"
              />
            </div>
            <div
              class="text"
            >
              マンションか戸建てかどっちか決められない！悩んだ時のポイントを解説
            </div>
          </a>
          <a
            class="block"
            href="/column/articles/37424"
          >
            <div
              class="image"
            >
              <img
                alt="共働き夫婦が戸建てかマンションの購入で悩んだ時の判断ポイント"
                src="https://stg.ieul.jp/column/wp-content/uploads/2021/11/domannian-mansion-joint-work-1024x683.jpg"
              />
            </div>
            <div
              class="text"
            >
              共働き夫婦が戸建てかマンションの購入で悩んだ時の判断ポイント
            </div>
          </a>
          <a
            class="block"
            href="/column/articles/24029"
          >
            <div
              class="image"
            >
              <img
                alt="賃貸か購入、住むならどっち？迷った時の5つのポイントを紹介！"
                src="https://stg.ieul.jp/column/wp-content/uploads/2021/06/rent-purchase-which-1024x683.jpg"
              />
            </div>
            <div
              class="text"
            >
              賃貸か購入、住むならどっち？迷った時の5つのポイントを紹介！
            </div>
          </a>
          <a
            class="block spHide"
            href="/column/articles/37425"
          >
            <div
              class="image"
            >
              <img
                alt="40代は「賃貸」「購入」のどちらがおすすめ？考え方のヒント"
                src="https://stg.ieul.jp/column/wp-content/uploads/2021/11/rental-and-purchase-40s-1024x683.jpg"
              />
            </div>
            <div
              class="text"
            >
              40代は「賃貸」「購入」のどちらがおすすめ？考え方のヒント
            </div>
          </a>
          <a
            class="block spHide"
            href="/column/articles/37426"
          >
            <div
              class="image"
            >
              <img
                alt="未公開物件の探し方やメリット・デメリットを詳しく解説"
                src="https://stg.ieul.jp/column/wp-content/uploads/2021/11/how-to-find-an-unpublished-property-1024x683.jpg"
              />
            </div>
            <div
              class="text"
            >
              未公開物件の探し方やメリット・デメリットを詳しく解説
            </div>
          </a>
          <a
            class="block spHide"
            href="/column/articles/24049"
          >
            <div
              class="image"
            >
              <img
                alt="未公開物件とは？ネットに載らない物件情報を得る方法や注意点を徹底解説！"
                src="https://stg.ieul.jp/column/wp-content/uploads/2021/06/unpublished-property-1024x683.jpg"
              />
            </div>
            <div
              class="text"
            >
              未公開物件とは？ネットに載らない物件情報を得る方法や注意点を徹底解説！
            </div>
          </a>
          <a
            class="block spHide"
            href="/column/articles/372"
          >
            <div
              class="image"
            >
              <img
                alt="マンションの間取りはどう選ぶ？理想の間取りを選ぶポイントを解説"
                src="https://stg.ieul.jp/column/wp-content/uploads/2018/10/shutterstock_170805509-e1635758601976.jpg"
              />
            </div>
            <div
              class="text"
            >
              マンションの間取りはどう選ぶ？理想の間取りを選ぶポイントを解説
            </div>
          </a>
        </div>
      </div>
      <div
        class="pagers"
      >
        <button
          class="pager"
        >
          <span
            class="current"
          >
            ●
          </span>
        </button>
        <button
          class="pager"
        >
          <span>
            ●
          </span>
        </button>
        <button
          class="pager"
        >
          <span>
            ●
          </span>
        </button>
        <button
          class="pager"
        >
          <span>
            ●
          </span>
        </button>
        <button
          class="pager"
        >
          <span>
            ●
          </span>
        </button>
      </div>
    </div>
    <div
      class="slider spOnly"
    >
      <div
        class="sliderInner"
      >
        <div
          class="slides"
        >
          <a
            class="block"
            href="/column/articles/21212"
          >
            <div
              class="image"
            >
              <img
                alt="中古マンションの築年数は何年が買い時？寿命や耐震性まで解説"
                src="https://stg.ieul.jp/column/wp-content/uploads/2021/04/second-hand-mansion-age-1024x683.jpg"
              />
            </div>
            <div
              class="text"
            >
              中古マンションの築年数は何年が買い時？寿命や耐震性まで解説
            </div>
          </a>
          <a
            class="block"
            href="/column/articles/21227"
          >
            <div
              class="image"
            >
              <img
                alt="マンションか戸建てかどっちか決められない！悩んだ時のポイントを解説"
                src="https://stg.ieul.jp/column/wp-content/uploads/2021/04/築30年のマンション-1-1024x576.png"
              />
            </div>
            <div
              class="text"
            >
              マンションか戸建てかどっちか決められない！悩んだ時のポイントを解説
            </div>
          </a>
          <a
            class="block"
            href="/column/articles/37424"
          >
            <div
              class="image"
            >
              <img
                alt="共働き夫婦が戸建てかマンションの購入で悩んだ時の判断ポイント"
                src="https://stg.ieul.jp/column/wp-content/uploads/2021/11/domannian-mansion-joint-work-1024x683.jpg"
              />
            </div>
            <div
              class="text"
            >
              共働き夫婦が戸建てかマンションの購入で悩んだ時の判断ポイント
            </div>
          </a>
          <a
            class="block"
            href="/column/articles/24029"
          >
            <div
              class="image"
            >
              <img
                alt="賃貸か購入、住むならどっち？迷った時の5つのポイントを紹介！"
                src="https://stg.ieul.jp/column/wp-content/uploads/2021/06/rent-purchase-which-1024x683.jpg"
              />
            </div>
            <div
              class="text"
            >
              賃貸か購入、住むならどっち？迷った時の5つのポイントを紹介！
            </div>
          </a>
          <a
            class="block spHide"
            href="/column/articles/37425"
          >
            <div
              class="image"
            >
              <img
                alt="40代は「賃貸」「購入」のどちらがおすすめ？考え方のヒント"
                src="https://stg.ieul.jp/column/wp-content/uploads/2021/11/rental-and-purchase-40s-1024x683.jpg"
              />
            </div>
            <div
              class="text"
            >
              40代は「賃貸」「購入」のどちらがおすすめ？考え方のヒント
            </div>
          </a>
          <a
            class="block spHide"
            href="/column/articles/37426"
          >
            <div
              class="image"
            >
              <img
                alt="未公開物件の探し方やメリット・デメリットを詳しく解説"
                src="https://stg.ieul.jp/column/wp-content/uploads/2021/11/how-to-find-an-unpublished-property-1024x683.jpg"
              />
            </div>
            <div
              class="text"
            >
              未公開物件の探し方やメリット・デメリットを詳しく解説
            </div>
          </a>
          <a
            class="block spHide"
            href="/column/articles/24049"
          >
            <div
              class="image"
            >
              <img
                alt="未公開物件とは？ネットに載らない物件情報を得る方法や注意点を徹底解説！"
                src="https://stg.ieul.jp/column/wp-content/uploads/2021/06/unpublished-property-1024x683.jpg"
              />
            </div>
            <div
              class="text"
            >
              未公開物件とは？ネットに載らない物件情報を得る方法や注意点を徹底解説！
            </div>
          </a>
          <a
            class="block spHide"
            href="/column/articles/372"
          >
            <div
              class="image"
            >
              <img
                alt="マンションの間取りはどう選ぶ？理想の間取りを選ぶポイントを解説"
                src="https://stg.ieul.jp/column/wp-content/uploads/2018/10/shutterstock_170805509-e1635758601976.jpg"
              />
            </div>
            <div
              class="text"
            >
              マンションの間取りはどう選ぶ？理想の間取りを選ぶポイントを解説
            </div>
          </a>
        </div>
      </div>
      <div
        class="btnWrapper"
      >
        <button
          class="btn"
        >
          もっと見る
        </button>
      </div>
    </div>
    <div
      class="columns"
    >
      <a
        class="column"
        href="/column/articles/24049"
      >
        <div
          class="image"
        >
          <img
            alt="未公開物件とは？ネットに載らない物件情報を得る方法や注意点を徹底解説！"
            src="https://stg.ieul.jp/column/wp-content/uploads/2021/06/unpublished-property-1024x683.jpg"
          />
        </div>
        <div
          class="text"
        >
          未公開物件とは？ネットに載らない物件情報を得る方法や注意点を徹底解説！
        </div>
      </a>
      <a
        class="column"
        href="/column/articles/21227"
      >
        <div
          class="image"
        >
          <img
            alt="マンションか戸建てかどっちか決められない！悩んだ時のポイントを解説"
            src="https://stg.ieul.jp/column/wp-content/uploads/2021/04/築30年のマンション-1-1024x576.png"
          />
        </div>
        <div
          class="text"
        >
          マンションか戸建てかどっちか決められない！悩んだ時のポイントを解説
        </div>
      </a>
      <a
        class="column"
        href="/column/articles/21212"
      >
        <div
          class="image"
        >
          <img
            alt="中古マンションの築年数は何年が買い時？寿命や耐震性まで解説"
            src="https://stg.ieul.jp/column/wp-content/uploads/2021/04/second-hand-mansion-age-1024x683.jpg"
          />
        </div>
        <div
          class="text"
        >
          中古マンションの築年数は何年が買い時？寿命や耐震性まで解説
        </div>
      </a>
      <a
        class="column"
        href="/column/articles/21224"
      >
        <div
          class="image"
        >
          <img
            alt="マンション買うなら新築と中古どっちがお得？価格差やメリットとデメリットを比較！"
            src="https://stg.ieul.jp/column/wp-content/uploads/2021/04/mansion-newly-and-used-1024x683.jpg"
          />
        </div>
        <div
          class="text"
        >
          マンション買うなら新築と中古どっちがお得？価格差やメリットとデメリットを比較！
        </div>
      </a>
      <a
        class="column"
        href="/column/articles/21197"
      >
        <div
          class="image"
        >
          <img
            alt="マンション購入の注意点を解説！物件選びから内覧・契約時に注意するべきことは？"
            src="https://stg.ieul.jp/column/wp-content/uploads/2021/04/second-hand-mansion-important-1024x683.jpg"
          />
        </div>
        <div
          class="text"
        >
          マンション購入の注意点を解説！物件選びから内覧・契約時に注意するべきことは？
        </div>
      </a>
      <a
        class="column"
        href="/column/articles/372"
      >
        <div
          class="image"
        >
          <img
            alt="マンションの間取りはどう選ぶ？理想の間取りを選ぶポイントを解説"
            src="https://stg.ieul.jp/column/wp-content/uploads/2018/10/shutterstock_170805509-e1635758601976.jpg"
          />
        </div>
        <div
          class="text"
        >
          マンションの間取りはどう選ぶ？理想の間取りを選ぶポイントを解説
        </div>
      </a>
    </div>
  </section>
</DocumentFragment>
`;
