// Jest Snapshot v1, https://goo.gl/fbAQLP

exports[`components/pages/index/Register 正常に表示される 1`] = `
<DocumentFragment>
  <section
    class="container"
  >
    <h2
      class="title"
    >
      Housii(ハウシー)に登録すると...
    </h2>
    <div
      class="contents"
    >
      <div
        class="comments"
      >
        <div
          class="comment"
        >
          <div
            class="commentHead"
          >
            <span>
              Point
            </span>
            <p>
              01
            </p>
          </div>
          <div
            class="commentBody"
          >
            <p>
              サイトには、まだ乗っていない
              <br />
              「未公開物件」情報がいち早く手に入る
            </p>
          </div>
        </div>
        <div
          class="comment"
        >
          <div
            class="commentHead"
          >
            <span>
              Point
            </span>
            <p>
              02
            </p>
          </div>
          <div
            class="commentBody"
          >
            <p>
              気になる物件の新着情報が届くので、
              <br />
              売出し情報を見逃す心配なし
            </p>
          </div>
        </div>
        <div
          class="comment"
        >
          <div
            class="commentHead"
          >
            <span>
              Point
            </span>
            <p>
              03
            </p>
          </div>
          <div
            class="commentBody"
          >
            <p>
              口コミや偏差値による物件並び替えなど
              <br />
              会員限定コンテンツが使える
            </p>
          </div>
        </div>
      </div>
      <div
        class="chart"
      >
        <picture>
          <source
            media="(max-width:768px)"
            srcset="/ms-library/images/index/chart_sp.png"
          />
          <img
            alt="構造図"
            height="301"
            src="/ms-library/images/index/chart.png"
            width="484"
          />
        </picture>
      </div>
    </div>
  </section>
</DocumentFragment>
`;
