// Jest Snapshot v1, https://goo.gl/fbAQLP

exports[`components/pages/index/Brands 正常に表示される 1`] = `
<DocumentFragment>
  <section
    class="container"
  >
    <h2
      class="title"
    >
      マンションブランドから探す
    </h2>
    <div
      class="content"
    >
      <ul
        class="list"
      >
        <li
          class="item"
        >
          <button
            class="link"
            href="/brands/2"
          >
            ザ パーク ハウス
          </button>
        </li>
        <li
          class="item"
        >
          <button
            class="link"
            href="/brands/3"
          >
            シティハウス
          </button>
        </li>
        <li
          class="item"
        >
          <button
            class="link"
            href="/brands/4"
          >
            ライオンズマンション
          </button>
        </li>
        <li
          class="item"
        >
          <button
            class="link"
            href="/brands/5"
          >
            プラウド
          </button>
        </li>
        <li
          class="item"
        >
          <button
            class="link"
            href="/brands/6"
          >
            パークホームズ
          </button>
        </li>
        <li
          class="item"
        >
          <button
            class="link"
            href="/brands/7"
          >
            クレヴィア
          </button>
        </li>
        <li
          class="item"
        >
          <button
            class="link"
            href="/brands/8"
          >
            ブランズ
          </button>
        </li>
        <li
          class="item"
        >
          <button
            class="link"
            href="/brands/9"
          >
            プレミスト
          </button>
        </li>
        <li
          class="item"
        >
          <button
            class="link"
            href="/brands/10"
          >
            パークコート
          </button>
        </li>
        <li
          class="item"
        >
          <button
            class="link"
            href="/brands/11"
          >
            ブリリア
          </button>
        </li>
      </ul>
    </div>
  </section>
</DocumentFragment>
`;
