// Jest Snapshot v1, https://goo.gl/fbAQLP

exports[`components/commons/Header/Form 正常に表示される 1`] = `
<DocumentFragment>
  <form
    action="/ms-library/freeword/"
    class="form"
    method="GET"
  >
    <input
      name="wd"
      placeholder="マンション名を入力してください"
      type="text"
      value=""
    />
    <button
      class="submit"
      type="submit"
    >
      <div
        style="display: inline-block; max-width: 100%; overflow: hidden; position: relative; box-sizing: border-box; margin: 0px;"
      >
        <div
          style="box-sizing: border-box; display: block; max-width: 100%;"
        >
          <img
            alt=""
            aria-hidden="true"
            src="data:image/svg+xml;base64,PHN2ZyB3aWR0aD0iMTgiIGhlaWdodD0iMTgiIHhtbG5zPSJodHRwOi8vd3d3LnczLm9yZy8yMDAwL3N2ZyIgdmVyc2lvbj0iMS4xIi8+"
            style="max-width: 100%; display: block; margin: 0px; padding: 0px;"
          />
        </div>
        <img
          alt="housii"
          class="search"
          data-nimg="true"
          decoding="async"
          src="/_next/image?url=%2Fms-library%2Fimages%2Fsearch.svg&w=48&q=75"
          srcset="/_next/image?url=%2Fms-library%2Fimages%2Fsearch.svg&w=32&q=75 1x, /_next/image?url=%2Fms-library%2Fimages%2Fsearch.svg&w=48&q=75 2x"
          style="position: absolute; top: 0px; left: 0px; bottom: 0px; right: 0px; box-sizing: border-box; padding: 0px; margin: auto; display: block; width: 0px; height: 0px; min-width: 100%; max-width: 100%; min-height: 100%; max-height: 100%;"
        />
      </div>
    </button>
  </form>
</DocumentFragment>
`;
