// Jest Snapshot v1, https://goo.gl/fbAQLP

exports[`components/pages/commute/stations/Search 正常に表示される 1`] = `
<DocumentFragment>
  <section>
    <div
      class="container"
    >
      <div
        class="pcOnly"
      >
        <div
          class="title"
        >
          <p>
            絞り込み条件
          </p>
        </div>
      </div>
      <div
        class="spOnly"
      >
        <button
          class="title"
        >
          <div
            style="display: inline-block; max-width: 100%; overflow: hidden; position: relative; box-sizing: border-box; margin: 0px;"
          >
            <div
              style="box-sizing: border-box; display: block; max-width: 100%;"
            >
              <img
                alt=""
                aria-hidden="true"
                src="data:image/svg+xml;base64,PHN2ZyB3aWR0aD0iMjAiIGhlaWdodD0iMjAiIHhtbG5zPSJodHRwOi8vd3d3LnczLm9yZy8yMDAwL3N2ZyIgdmVyc2lvbj0iMS4xIi8+"
                style="max-width: 100%; display: block; margin: 0px; padding: 0px;"
              />
            </div>
            <noscript />
            <img
              alt="option"
              data-nimg="true"
              decoding="async"
              src="data:image/gif;base64,R0lGODlhAQABAIAAAAAAAP///yH5BAEAAAAALAAAAAABAAEAAAIBRAA7"
              style="position: absolute; top: 0px; left: 0px; bottom: 0px; right: 0px; box-sizing: border-box; padding: 0px; margin: auto; display: block; width: 0px; height: 0px; min-width: 100%; max-width: 100%; min-height: 100%; max-height: 100%;"
            />
          </div>
          <p>
            絞り込み条件
          </p>
          <div
            class="toggler"
          >
            <span
              class="close"
            />
          </div>
        </button>
      </div>
      <div
        class="body"
      >
        <div
          class="block sectionBar"
        >
          <div
            class="content"
          >
            <p
              class="label"
            >
              品川駅までの時間
            </p>
            <div>
              <div
                class="selectBox"
              >
                <select>
                  <option
                    selected=""
                    value=""
                  >
                    指定なし
                  </option>
                  <option
                    value="5"
                  >
                    5
                  </option>
                  <option
                    value="10"
                  >
                    10
                  </option>
                  <option
                    value="15"
                  >
                    15
                  </option>
                  <option
                    value="20"
                  >
                    20
                  </option>
                  <option
                    value="25"
                  >
                    25
                  </option>
                  <option
                    value="30"
                  >
                    30
                  </option>
                  <option
                    value="35"
                  >
                    35
                  </option>
                  <option
                    value="40"
                  >
                    40
                  </option>
                  <option
                    value="45"
                  >
                    45
                  </option>
                  <option
                    value="50"
                  >
                    50
                  </option>
                  <option
                    value="55"
                  >
                    55
                  </option>
                  <option
                    value="60"
                  >
                    60
                  </option>
                </select>
              </div>
            </div>
            <p
              class="unit"
            >
              分圏内
            </p>
          </div>
        </div>
        <div
          class="block sectionBar"
        >
          <div
            class="content"
          >
            <p
              class="label"
            >
              乗り換え回数
            </p>
            <div>
              <div
                class="selectBox"
              >
                <select>
                  <option
                    selected=""
                    value=""
                  >
                    指定なし
                  </option>
                  <option
                    value="1"
                  >
                    1
                  </option>
                  <option
                    value="2"
                  >
                    2
                  </option>
                  <option
                    value="3"
                  >
                    3
                  </option>
                  <option
                    value="4"
                  >
                    4
                  </option>
                  <option
                    value="5"
                  >
                    5
                  </option>
                </select>
              </div>
            </div>
            <p
              class="unit"
            >
              回以内
            </p>
          </div>
        </div>
        <div
          class="block sectionBar"
        >
          <div
            class="label"
          >
            <p>
              平均相場(㎡)
            </p>
          </div>
          <div
            class="inputs"
          >
            <div
              class="selectBox"
            >
              <select>
                <option
                  selected=""
                  value=""
                >
                  下限なし
                </option>
                <option
                  value="1000000"
                >
                  100万円
                </option>
                <option
                  value="2000000"
                >
                  200万円
                </option>
                <option
                  value="3000000"
                >
                  300万円
                </option>
                <option
                  value="4000000"
                >
                  400万円
                </option>
                <option
                  value="5000000"
                >
                  500万円
                </option>
              </select>
            </div>
            <span>
               ~ 
            </span>
            <div
              class="selectBox"
            >
              <select>
                <option
                  value="1000000"
                >
                  100万円
                </option>
                <option
                  value="2000000"
                >
                  200万円
                </option>
                <option
                  value="3000000"
                >
                  300万円
                </option>
                <option
                  value="4000000"
                >
                  400万円
                </option>
                <option
                  value="5000000"
                >
                  500万円
                </option>
                <option
                  selected=""
                  value=""
                >
                  上限なし
                </option>
              </select>
            </div>
          </div>
        </div>
        <div
          class="spOnly"
        >
          <div
            class="block"
          >
            <div
              class=""
            >
              <button
                class="btn brown outline"
              >
                検索する
              </button>
            </div>
          </div>
        </div>
        <div
          class="pcOnly"
        >
          <div
            class="block sectionBar"
          >
            <div
              class=""
            >
              <button
                class="btn brown outline"
              >
                検索する
              </button>
            </div>
          </div>
          <div
            class="block"
          >
            <div
              class="aboveLabel"
            >
              <p>
                駅を選択してください
              </p>
            </div>
            <div
              class=""
            >
              <button
                class="btn md orange outline"
              >
                選択した駅の物件を見る
              </button>
            </div>
          </div>
        </div>
      </div>
    </div>
  </section>
</DocumentFragment>
`;
