// Jest Snapshot v1, https://goo.gl/fbAQLP

exports[`components/pages/cities/OtherCities 正常に表示される 1`] = `
<DocumentFragment>
  <section
    class="container"
  >
    <h2>
      <div
        class="heading"
      >
        神奈川県横浜市鶴見区周辺エリアから中古マンションを探す
      </div>
    </h2>
    <ul
      class="list"
    >
      <li
        class="item"
      >
        <button
          class="link"
          href="/cities/14101"
        >
          横浜市鶴見区
          <span
            class="count"
          >
            (116件)
          </span>
        </button>
      </li>
      <li
        class="item"
      >
        <button
          class="link"
          href="/cities/14102"
        >
          横浜市神奈川区
          <span
            class="count"
          >
            (106件)
          </span>
        </button>
      </li>
      <li
        class="item"
      >
        <button
          class="link"
          href="/cities/14103"
        >
          横浜市西区
          <span
            class="count"
          >
            (94件)
          </span>
        </button>
      </li>
      <li
        class="item"
      >
        <button
          class="link"
          href="/cities/14104"
        >
          横浜市中区
          <span
            class="count"
          >
            (121件)
          </span>
        </button>
      </li>
      <li
        class="item"
      >
        <button
          class="link"
          href="/cities/14105"
        >
          横浜市南区
          <span
            class="count"
          >
            (85件)
          </span>
        </button>
      </li>
      <li
        class="item"
      >
        <button
          class="link"
          href="/cities/14106"
        >
          横浜市保土ケ谷区
          <span
            class="count"
          >
            (29件)
          </span>
        </button>
      </li>
      <li
        class="item"
      >
        <button
          class="link"
          href="/cities/14107"
        >
          横浜市磯子区
          <span
            class="count"
          >
            (62件)
          </span>
        </button>
      </li>
      <li
        class="item"
      >
        <button
          class="link"
          href="/cities/14108"
        >
          横浜市金沢区
          <span
            class="count"
          >
            (23件)
          </span>
        </button>
      </li>
      <li
        class="item"
      >
        <button
          class="link"
          href="/cities/14109"
        >
          横浜市港北区
          <span
            class="count"
          >
            (94件)
          </span>
        </button>
      </li>
      <li
        class="item"
      >
        <button
          class="link"
          href="/cities/14110"
        >
          横浜市戸塚区
          <span
            class="count"
          >
            (70件)
          </span>
        </button>
      </li>
      <li
        class="item"
      >
        <button
          class="link"
          href="/cities/14111"
        >
          横浜市港南区
          <span
            class="count"
          >
            (42件)
          </span>
        </button>
      </li>
      <li
        class="item"
      >
        <button
          class="link"
          href="/cities/14112"
        >
          横浜市旭区
          <span
            class="count"
          >
            (25件)
          </span>
        </button>
      </li>
      <li
        class="item"
      >
        <button
          class="link"
          href="/cities/14113"
        >
          横浜市緑区
          <span
            class="count"
          >
            (40件)
          </span>
        </button>
      </li>
      <li
        class="item"
      >
        <button
          class="link"
          href="/cities/14114"
        >
          横浜市瀬谷区
          <span
            class="count"
          >
            (4件)
          </span>
        </button>
      </li>
      <li
        class="item"
      >
        <button
          class="link"
          href="/cities/14115"
        >
          横浜市栄区
          <span
            class="count"
          >
            (21件)
          </span>
        </button>
      </li>
      <li
        class="item"
      >
        <button
          class="link"
          href="/cities/14116"
        >
          横浜市泉区
          <span
            class="count"
          >
            (18件)
          </span>
        </button>
      </li>
      <li
        class="item"
      >
        <button
          class="link"
          href="/cities/14117"
        >
          横浜市青葉区
          <span
            class="count"
          >
            (94件)
          </span>
        </button>
      </li>
      <li
        class="item"
      >
        <button
          class="link"
          href="/cities/14118"
        >
          横浜市都筑区
          <span
            class="count"
          >
            (108件)
          </span>
        </button>
      </li>
      <li
        class="item"
      >
        <button
          class="link"
          href="/cities/14131"
        >
          川崎市川崎区
          <span
            class="count"
          >
            (120件)
          </span>
        </button>
      </li>
      <li
        class="item"
      >
        <button
          class="link"
          href="/cities/14132"
        >
          川崎市幸区
          <span
            class="count"
          >
            (50件)
          </span>
        </button>
      </li>
      <li
        class="item"
      >
        <button
          class="link"
          href="/cities/14133"
        >
          川崎市中原区
          <span
            class="count"
          >
            (100件)
          </span>
        </button>
      </li>
      <li
        class="item"
      >
        <button
          class="link"
          href="/cities/14134"
        >
          川崎市高津区
          <span
            class="count"
          >
            (35件)
          </span>
        </button>
      </li>
      <li
        class="item"
      >
        <button
          class="link"
          href="/cities/14135"
        >
          川崎市多摩区
          <span
            class="count"
          >
            (37件)
          </span>
        </button>
      </li>
      <li
        class="item"
      >
        <button
          class="link"
          href="/cities/14136"
        >
          川崎市宮前区
          <span
            class="count"
          >
            (100件)
          </span>
        </button>
      </li>
      <li
        class="item"
      >
        <button
          class="link"
          href="/cities/14137"
        >
          川崎市麻生区
          <span
            class="count"
          >
            (73件)
          </span>
        </button>
      </li>
      <li
        class="item"
      >
        <button
          class="link"
          href="/cities/14151"
        >
          相模原市緑区
          <span
            class="count"
          >
            (8件)
          </span>
        </button>
      </li>
      <li
        class="item"
      >
        <button
          class="link"
          href="/cities/14152"
        >
          相模原市中央区
          <span
            class="count"
          >
            (31件)
          </span>
        </button>
      </li>
      <li
        class="item"
      >
        <button
          class="link"
          href="/cities/14153"
        >
          相模原市南区
          <span
            class="count"
          >
            (56件)
          </span>
        </button>
      </li>
      <li
        class="item"
      >
        <button
          class="link"
          href="/cities/14201"
        >
          横須賀市
          <span
            class="count"
          >
            (40件)
          </span>
        </button>
      </li>
      <li
        class="item"
      >
        <button
          class="link"
          href="/cities/14203"
        >
          平塚市
          <span
            class="count"
          >
            (36件)
          </span>
        </button>
      </li>
      <li
        class="item"
      >
        <button
          class="link"
          href="/cities/14204"
        >
          鎌倉市
          <span
            class="count"
          >
            (42件)
          </span>
        </button>
      </li>
      <li
        class="item"
      >
        <button
          class="link"
          href="/cities/14205"
        >
          藤沢市
          <span
            class="count"
          >
            (94件)
          </span>
        </button>
      </li>
      <li
        class="item"
      >
        <button
          class="link"
          href="/cities/14206"
        >
          小田原市
          <span
            class="count"
          >
            (21件)
          </span>
        </button>
      </li>
      <li
        class="item"
      >
        <button
          class="link"
          href="/cities/14207"
        >
          茅ヶ崎市
          <span
            class="count"
          >
            (45件)
          </span>
        </button>
      </li>
      <li
        class="item"
      >
        <button
          class="link"
          href="/cities/14208"
        >
          逗子市
          <span
            class="count"
          >
            (4件)
          </span>
        </button>
      </li>
      <li
        class="item"
      >
        <button
          class="link"
          href="/cities/14210"
        >
          三浦市
          <span
            class="count"
          >
            (1件)
          </span>
        </button>
      </li>
      <li
        class="item"
      >
        <button
          class="link"
          href="/cities/14211"
        >
          秦野市
          <span
            class="count"
          >
            (4件)
          </span>
        </button>
      </li>
      <li
        class="item"
      >
        <button
          class="link"
          href="/cities/14212"
        >
          厚木市
          <span
            class="count"
          >
            (26件)
          </span>
        </button>
      </li>
      <li
        class="item"
      >
        <button
          class="link"
          href="/cities/14213"
        >
          大和市
          <span
            class="count"
          >
            (52件)
          </span>
        </button>
      </li>
      <li
        class="item"
      >
        <button
          class="link"
          href="/cities/14214"
        >
          伊勢原市
          <span
            class="count"
          >
            (6件)
          </span>
        </button>
      </li>
      <li
        class="item"
      >
        <button
          class="link"
          href="/cities/14215"
        >
          海老名市
          <span
            class="count"
          >
            (23件)
          </span>
        </button>
      </li>
      <li
        class="item"
      >
        <button
          class="link"
          href="/cities/14216"
        >
          座間市
          <span
            class="count"
          >
            (16件)
          </span>
        </button>
      </li>
      <li
        class="item"
      >
        <button
          class="link"
          href="/cities/14301"
        >
          三浦郡葉山町
          <span
            class="count"
          >
            (4件)
          </span>
        </button>
      </li>
      <li
        class="item"
      >
        <button
          class="link"
          href="/cities/14341"
        >
          中郡大磯町
          <span
            class="count"
          >
            (3件)
          </span>
        </button>
      </li>
      <li
        class="item"
      >
        <button
          class="link"
          href="/cities/14342"
        >
          中郡二宮町
          <span
            class="count"
          >
            (2件)
          </span>
        </button>
      </li>
      <li
        class="item"
      >
        <button
          class="link"
          href="/cities/14366"
        >
          足柄上郡開成町
          <span
            class="count"
          >
            (2件)
          </span>
        </button>
      </li>
      <li
        class="item"
      >
        <button
          class="link"
          href="/cities/14382"
        >
          足柄下郡箱根町
          <span
            class="count"
          >
            (8件)
          </span>
        </button>
      </li>
    </ul>
  </section>
</DocumentFragment>
`;
