// Jest Snapshot v1, https://goo.gl/fbAQLP

exports[`components/pages/commute/stations/Item 正常に表示される 1`] = `
<DocumentFragment>
  <div
    class="layout"
  >
    <div
      class="checkbox"
    >
      <div
        class="checkbox"
      >
        <input
          id="checkbox-undefined"
          type="checkbox"
          value="undefined"
        />
        <label
          class=""
          for="checkbox-undefined"
        >
          ✔︎
        </label>
      </div>
    </div>
    <div
      class="title"
    >
      <button
        class="title"
      >
        <h3>
          undefined駅
        </h3>
      </button>
    </div>
    <div
      class="content"
    >
      <div
        class="body"
      >
        <table
          class="pcTable pcOnly"
        >
          <tbody>
            <tr>
              <td>
                品川駅までの時間
              </td>
              <td>
                14分
              </td>
              <td>
                乗り換え回数
              </td>
              <td>
                0回
              </td>
            </tr>
            <tr>
              <td>
                平均相場(㎡)
              </td>
              <td>
                 円
              </td>
              <td>
                物件数
              </td>
              <td>
                 0件
              </td>
            </tr>
            <tr>
              <td>
                所在地
              </td>
              <td
                colspan="3"
              />
            </tr>
            <tr>
              <td>
                路線情報
              </td>
              <td
                colspan="3"
              >
                 
              </td>
            </tr>
          </tbody>
        </table>
        <div
          class="spOnly"
        >
          <table
            class="spTable"
          >
            <tbody>
              <tr>
                <td>
                  品川駅まで
                </td>
                <td>
                  14分(乗り換え0回)
                </td>
              </tr>
              <tr>
                <td>
                  平均相場(㎡)
                </td>
                <td>
                   円
                </td>
              </tr>
              <tr>
                <td>
                  物件数
                </td>
                <td>
                   0件
                </td>
              </tr>
            </tbody>
          </table>
        </div>
        <div
          class="subText spOnly"
        >
          <div />
          <div />
        </div>
      </div>
    </div>
  </div>
</DocumentFragment>
`;
