// Jest Snapshot v1, https://goo.gl/fbAQLP

exports[`components/pages/cities/IncludedStations 正常に表示される 1`] = `
<DocumentFragment>
  <section
    class="container"
  >
    <h2>
      <div
        class="heading"
      >
        神奈川県横浜市鶴見区内の駅から中古マンションを探す
      </div>
    </h2>
    <ul
      class="list"
    >
      <li
        class="item"
      >
        <button
          class="link"
          href="/stations/1373"
        >
          矢向駅
          <span
            class="count"
          >
            (7件)
          </span>
        </button>
      </li>
      <li
        class="item"
      >
        <button
          class="link"
          href="/stations/1401"
        >
          鶴見駅
          <span
            class="count"
          >
            (47件)
          </span>
        </button>
      </li>
      <li
        class="item"
      >
        <button
          class="link"
          href="/stations/1403"
        >
          鶴見小野駅
          <span
            class="count"
          >
            (3件)
          </span>
        </button>
      </li>
      <li
        class="item"
      >
        <button
          class="link"
          href="/stations/1404"
        >
          弁天橋駅
          <span
            class="count"
          >
            (1件)
          </span>
        </button>
      </li>
      <li
        class="item"
      >
        <button
          class="link"
          href="/stations/2006"
        >
          鶴見駅
          <span
            class="count"
          >
            (47件)
          </span>
        </button>
      </li>
      <li
        class="item"
      >
        <button
          class="link"
          href="/stations/5743"
        >
          鶴見市場駅
          <span
            class="count"
          >
            (16件)
          </span>
        </button>
      </li>
      <li
        class="item"
      >
        <button
          class="link"
          href="/stations/5744"
        >
          京急鶴見駅
          <span
            class="count"
          >
            (47件)
          </span>
        </button>
      </li>
      <li
        class="item"
      >
        <button
          class="link"
          href="/stations/5746"
        >
          生麦駅
          <span
            class="count"
          >
            (13件)
          </span>
        </button>
      </li>
    </ul>
  </section>
</DocumentFragment>
`;
