// Jest Snapshot v1, https://goo.gl/fbAQLP

exports[`components/commons/SchoolInfo 正常に表示される 1`] = `
<DocumentFragment>
  <section>
    <h2>
      <div
        class="heading"
      />
    </h2>
    <div
      class="body"
    >
      <p
        class="info"
      >
        千代田小学校は千代田小学校の学区内に位置しています。千代田小学校に実際に通っている人の評価・口コミを掲載しています。
      </p>
      <blockquote
        class="block hide"
      >
        <div
          class="blockInner"
        >
          <div
            class="head"
          >
            <div
              class="headImage"
            >
              <div
                style="display: inline-block; max-width: 100%; overflow: hidden; position: relative; box-sizing: border-box; margin: 0px;"
              >
                <div
                  style="box-sizing: border-box; display: block; max-width: 100%;"
                >
                  <img
                    alt=""
                    aria-hidden="true"
                    src="data:image/svg+xml;base64,PHN2ZyB3aWR0aD0iNDQiIGhlaWdodD0iNDQiIHhtbG5zPSJodHRwOi8vd3d3LnczLm9yZy8yMDAwL3N2ZyIgdmVyc2lvbj0iMS4xIi8+"
                    style="max-width: 100%; display: block; margin: 0px; padding: 0px;"
                  />
                </div>
                <noscript />
                <img
                  alt="男性"
                  data-nimg="true"
                  decoding="async"
                  src="data:image/gif;base64,R0lGODlhAQABAIAAAAAAAP///yH5BAEAAAAALAAAAAABAAEAAAIBRAA7"
                  style="position: absolute; top: 0px; left: 0px; bottom: 0px; right: 0px; box-sizing: border-box; padding: 0px; margin: auto; display: block; width: 0px; height: 0px; min-width: 100%; max-width: 100%; min-height: 100%; max-height: 100%;"
                />
              </div>
            </div>
            <div
              class="headText"
            >
              <p>
                <span>
                  保護者/2018年入学
                </span>
                <span>
                  2020年10月投稿
                </span>
              </p>
              <h4>
                ごく普通の公立校です。
              </h4>
            </div>
          </div>
          <div
            class="body"
          >
            <div
              class="content contentTop"
            >
              <div
                class="contentMain"
              >
                <h5>
                  総合評価
                </h5>
                <p
                  class="contentText"
                >
                  良くも悪くも下町のフツーの小学校。そしてPTA活動がわりと盛ん。盛んと言っても一部役員が勝手に盛り上がっている。一部伝統だなんだとやたらいう人がいますが、ごくごく普通の公立。千代田区内の他の学校と違って、しんがくりつもそんなにたかくないですし、なぜここまで伝統とやらにこだわるかは謎。先生方は、かもなく不可もなく。そして、PTAを向いて仕事されています。
                </p>
              </div>
              <div
                class="chart"
              >
                <div
                  class="chartHead"
                >
                  <div
                    style="display: inline-block; max-width: 100%; overflow: hidden; position: relative; box-sizing: border-box; margin: 0px;"
                  >
                    <div
                      style="box-sizing: border-box; display: block; max-width: 100%;"
                    >
                      <img
                        alt=""
                        aria-hidden="true"
                        src="data:image/svg+xml;base64,PHN2ZyB3aWR0aD0iMjUiIGhlaWdodD0iMjQiIHhtbG5zPSJodHRwOi8vd3d3LnczLm9yZy8yMDAwL3N2ZyIgdmVyc2lvbj0iMS4xIi8+"
                        style="max-width: 100%; display: block; margin: 0px; padding: 0px;"
                      />
                    </div>
                    <noscript />
                    <img
                      alt="星"
                      data-nimg="true"
                      decoding="async"
                      src="data:image/gif;base64,R0lGODlhAQABAIAAAAAAAP///yH5BAEAAAAALAAAAAABAAEAAAIBRAA7"
                      style="position: absolute; top: 0px; left: 0px; bottom: 0px; right: 0px; box-sizing: border-box; padding: 0px; margin: auto; display: block; width: 0px; height: 0px; min-width: 100%; max-width: 100%; min-height: 100%; max-height: 100%;"
                    />
                  </div>
                  <div
                    style="display: inline-block; max-width: 100%; overflow: hidden; position: relative; box-sizing: border-box; margin: 0px;"
                  >
                    <div
                      style="box-sizing: border-box; display: block; max-width: 100%;"
                    >
                      <img
                        alt=""
                        aria-hidden="true"
                        src="data:image/svg+xml;base64,PHN2ZyB3aWR0aD0iMjUiIGhlaWdodD0iMjQiIHhtbG5zPSJodHRwOi8vd3d3LnczLm9yZy8yMDAwL3N2ZyIgdmVyc2lvbj0iMS4xIi8+"
                        style="max-width: 100%; display: block; margin: 0px; padding: 0px;"
                      />
                    </div>
                    <noscript />
                    <img
                      alt="星"
                      data-nimg="true"
                      decoding="async"
                      src="data:image/gif;base64,R0lGODlhAQABAIAAAAAAAP///yH5BAEAAAAALAAAAAABAAEAAAIBRAA7"
                      style="position: absolute; top: 0px; left: 0px; bottom: 0px; right: 0px; box-sizing: border-box; padding: 0px; margin: auto; display: block; width: 0px; height: 0px; min-width: 100%; max-width: 100%; min-height: 100%; max-height: 100%;"
                    />
                  </div>
                  <div
                    style="display: inline-block; max-width: 100%; overflow: hidden; position: relative; box-sizing: border-box; margin: 0px;"
                  >
                    <div
                      style="box-sizing: border-box; display: block; max-width: 100%;"
                    >
                      <img
                        alt=""
                        aria-hidden="true"
                        src="data:image/svg+xml;base64,PHN2ZyB3aWR0aD0iMjUiIGhlaWdodD0iMjQiIHhtbG5zPSJodHRwOi8vd3d3LnczLm9yZy8yMDAwL3N2ZyIgdmVyc2lvbj0iMS4xIi8+"
                        style="max-width: 100%; display: block; margin: 0px; padding: 0px;"
                      />
                    </div>
                    <noscript />
                    <img
                      alt="星"
                      data-nimg="true"
                      decoding="async"
                      src="data:image/gif;base64,R0lGODlhAQABAIAAAAAAAP///yH5BAEAAAAALAAAAAABAAEAAAIBRAA7"
                      style="position: absolute; top: 0px; left: 0px; bottom: 0px; right: 0px; box-sizing: border-box; padding: 0px; margin: auto; display: block; width: 0px; height: 0px; min-width: 100%; max-width: 100%; min-height: 100%; max-height: 100%;"
                    />
                  </div>
                  <div
                    style="display: inline-block; max-width: 100%; overflow: hidden; position: relative; box-sizing: border-box; margin: 0px;"
                  >
                    <div
                      style="box-sizing: border-box; display: block; max-width: 100%;"
                    >
                      <img
                        alt=""
                        aria-hidden="true"
                        src="data:image/svg+xml;base64,PHN2ZyB3aWR0aD0iMjUiIGhlaWdodD0iMjQiIHhtbG5zPSJodHRwOi8vd3d3LnczLm9yZy8yMDAwL3N2ZyIgdmVyc2lvbj0iMS4xIi8+"
                        style="max-width: 100%; display: block; margin: 0px; padding: 0px;"
                      />
                    </div>
                    <noscript />
                    <img
                      alt="星"
                      data-nimg="true"
                      decoding="async"
                      src="data:image/gif;base64,R0lGODlhAQABAIAAAAAAAP///yH5BAEAAAAALAAAAAABAAEAAAIBRAA7"
                      style="position: absolute; top: 0px; left: 0px; bottom: 0px; right: 0px; box-sizing: border-box; padding: 0px; margin: auto; display: block; width: 0px; height: 0px; min-width: 100%; max-width: 100%; min-height: 100%; max-height: 100%;"
                    />
                  </div>
                  <div
                    style="display: inline-block; max-width: 100%; overflow: hidden; position: relative; box-sizing: border-box; margin: 0px;"
                  >
                    <div
                      style="box-sizing: border-box; display: block; max-width: 100%;"
                    >
                      <img
                        alt=""
                        aria-hidden="true"
                        src="data:image/svg+xml;base64,PHN2ZyB3aWR0aD0iMjUiIGhlaWdodD0iMjQiIHhtbG5zPSJodHRwOi8vd3d3LnczLm9yZy8yMDAwL3N2ZyIgdmVyc2lvbj0iMS4xIi8+"
                        style="max-width: 100%; display: block; margin: 0px; padding: 0px;"
                      />
                    </div>
                    <noscript />
                    <img
                      alt="星"
                      data-nimg="true"
                      decoding="async"
                      src="data:image/gif;base64,R0lGODlhAQABAIAAAAAAAP///yH5BAEAAAAALAAAAAABAAEAAAIBRAA7"
                      style="position: absolute; top: 0px; left: 0px; bottom: 0px; right: 0px; box-sizing: border-box; padding: 0px; margin: auto; display: block; width: 0px; height: 0px; min-width: 100%; max-width: 100%; min-height: 100%; max-height: 100%;"
                    />
                  </div>
                  <span>
                    2.0
                  </span>
                </div>
                <div
                  class="chartBody"
                >
                  <div
                    class="chartContentWrapper"
                  >
                    <div
                      class="chartContent"
                    >
                      <p
                        class="chartContentTitle"
                      >
                        方針・理念
                      </p>
                      <div
                        class="chartContentBar"
                      >
                        <span
                          class="on"
                        />
                        <span
                          class="on"
                        />
                        <span
                          class=""
                        />
                        <span
                          class=""
                        />
                        <span
                          class=""
                        />
                      </div>
                    </div>
                    <div
                      class="chartContent"
                    >
                      <p
                        class="chartContentTitle"
                      >
                        授業
                      </p>
                      <div
                        class="chartContentBar"
                      >
                        <span
                          class="on"
                        />
                        <span
                          class="on"
                        />
                        <span
                          class="on"
                        />
                        <span
                          class=""
                        />
                        <span
                          class=""
                        />
                      </div>
                    </div>
                    <div
                      class="chartContent"
                    >
                      <p
                        class="chartContentTitle"
                      >
                        先生
                      </p>
                      <div
                        class="chartContentBar"
                      >
                        <span
                          class="on"
                        />
                        <span
                          class="on"
                        />
                        <span
                          class="on"
                        />
                        <span
                          class=""
                        />
                        <span
                          class=""
                        />
                      </div>
                    </div>
                    <div
                      class="chartContent"
                    >
                      <p
                        class="chartContentTitle"
                      >
                        施設・
                        <br
                          class="spOnly"
                        />
                        セキュリティ
                      </p>
                      <div
                        class="chartContentBar"
                      >
                        <span
                          class="on"
                        />
                        <span
                          class="on"
                        />
                        <span
                          class="on"
                        />
                        <span
                          class=""
                        />
                        <span
                          class=""
                        />
                      </div>
                    </div>
                  </div>
                  <div
                    class="chartContentWrapper"
                  >
                    <div
                      class="chartContent"
                    >
                      <p
                        class="chartContentTitle"
                      >
                        アクセス・立地
                      </p>
                      <div
                        class="chartContentBar"
                      >
                        <span
                          class="on"
                        />
                        <span
                          class="on"
                        />
                        <span
                          class="on"
                        />
                        <span
                          class=""
                        />
                        <span
                          class=""
                        />
                      </div>
                    </div>
                    <div
                      class="chartContent"
                    >
                      <p
                        class="chartContentTitle"
                      >
                        保護者関係(PTA)
                      </p>
                      <div
                        class="chartContentBar"
                      >
                        <span
                          class="on"
                        />
                        <span
                          class="on"
                        />
                        <span
                          class=""
                        />
                        <span
                          class=""
                        />
                        <span
                          class=""
                        />
                      </div>
                    </div>
                    <div
                      class="chartContent"
                    >
                      <p
                        class="chartContentTitle"
                      >
                        イベント
                      </p>
                      <div
                        class="chartContentBar"
                      >
                        <span
                          class="on"
                        />
                        <span
                          class="on"
                        />
                        <span
                          class="on"
                        />
                        <span
                          class=""
                        />
                        <span
                          class=""
                        />
                      </div>
                    </div>
                  </div>
                </div>
              </div>
            </div>
          </div>
        </div>
        <div
          class="btn"
        >
          <button>
            さらに詳しく見る
          </button>
        </div>
      </blockquote>
      <blockquote
        class="block hide"
      >
        <div
          class="blockInner"
        >
          <div
            class="head"
          >
            <div
              class="headImage"
            >
              <div
                style="display: inline-block; max-width: 100%; overflow: hidden; position: relative; box-sizing: border-box; margin: 0px;"
              >
                <div
                  style="box-sizing: border-box; display: block; max-width: 100%;"
                >
                  <img
                    alt=""
                    aria-hidden="true"
                    src="data:image/svg+xml;base64,PHN2ZyB3aWR0aD0iNDQiIGhlaWdodD0iNDQiIHhtbG5zPSJodHRwOi8vd3d3LnczLm9yZy8yMDAwL3N2ZyIgdmVyc2lvbj0iMS4xIi8+"
                    style="max-width: 100%; display: block; margin: 0px; padding: 0px;"
                  />
                </div>
                <noscript />
                <img
                  alt="男性"
                  data-nimg="true"
                  decoding="async"
                  src="data:image/gif;base64,R0lGODlhAQABAIAAAAAAAP///yH5BAEAAAAALAAAAAABAAEAAAIBRAA7"
                  style="position: absolute; top: 0px; left: 0px; bottom: 0px; right: 0px; box-sizing: border-box; padding: 0px; margin: auto; display: block; width: 0px; height: 0px; min-width: 100%; max-width: 100%; min-height: 100%; max-height: 100%;"
                />
              </div>
            </div>
            <div
              class="headText"
            >
              <p>
                <span>
                  保護者/2009年入学
                </span>
                <span>
                  2016年10月投稿
                </span>
              </p>
              <h4>
                地元でなければくる必要なし
              </h4>
            </div>
          </div>
          <div
            class="body"
          >
            <div
              class="content contentTop"
            >
              <div
                class="contentMain"
              >
                <h5>
                  総合評価
                </h5>
                <p
                  class="contentText"
                >
                  普通の公立小学校ですが、地元住民が少ないので憧れる近郊からの越境組が多いです。
                </p>
              </div>
              <div
                class="chart"
              >
                <div
                  class="chartHead"
                >
                  <div
                    style="display: inline-block; max-width: 100%; overflow: hidden; position: relative; box-sizing: border-box; margin: 0px;"
                  >
                    <div
                      style="box-sizing: border-box; display: block; max-width: 100%;"
                    >
                      <img
                        alt=""
                        aria-hidden="true"
                        src="data:image/svg+xml;base64,PHN2ZyB3aWR0aD0iMjUiIGhlaWdodD0iMjQiIHhtbG5zPSJodHRwOi8vd3d3LnczLm9yZy8yMDAwL3N2ZyIgdmVyc2lvbj0iMS4xIi8+"
                        style="max-width: 100%; display: block; margin: 0px; padding: 0px;"
                      />
                    </div>
                    <noscript />
                    <img
                      alt="星"
                      data-nimg="true"
                      decoding="async"
                      src="data:image/gif;base64,R0lGODlhAQABAIAAAAAAAP///yH5BAEAAAAALAAAAAABAAEAAAIBRAA7"
                      style="position: absolute; top: 0px; left: 0px; bottom: 0px; right: 0px; box-sizing: border-box; padding: 0px; margin: auto; display: block; width: 0px; height: 0px; min-width: 100%; max-width: 100%; min-height: 100%; max-height: 100%;"
                    />
                  </div>
                  <div
                    style="display: inline-block; max-width: 100%; overflow: hidden; position: relative; box-sizing: border-box; margin: 0px;"
                  >
                    <div
                      style="box-sizing: border-box; display: block; max-width: 100%;"
                    >
                      <img
                        alt=""
                        aria-hidden="true"
                        src="data:image/svg+xml;base64,PHN2ZyB3aWR0aD0iMjUiIGhlaWdodD0iMjQiIHhtbG5zPSJodHRwOi8vd3d3LnczLm9yZy8yMDAwL3N2ZyIgdmVyc2lvbj0iMS4xIi8+"
                        style="max-width: 100%; display: block; margin: 0px; padding: 0px;"
                      />
                    </div>
                    <noscript />
                    <img
                      alt="星"
                      data-nimg="true"
                      decoding="async"
                      src="data:image/gif;base64,R0lGODlhAQABAIAAAAAAAP///yH5BAEAAAAALAAAAAABAAEAAAIBRAA7"
                      style="position: absolute; top: 0px; left: 0px; bottom: 0px; right: 0px; box-sizing: border-box; padding: 0px; margin: auto; display: block; width: 0px; height: 0px; min-width: 100%; max-width: 100%; min-height: 100%; max-height: 100%;"
                    />
                  </div>
                  <div
                    style="display: inline-block; max-width: 100%; overflow: hidden; position: relative; box-sizing: border-box; margin: 0px;"
                  >
                    <div
                      style="box-sizing: border-box; display: block; max-width: 100%;"
                    >
                      <img
                        alt=""
                        aria-hidden="true"
                        src="data:image/svg+xml;base64,PHN2ZyB3aWR0aD0iMjUiIGhlaWdodD0iMjQiIHhtbG5zPSJodHRwOi8vd3d3LnczLm9yZy8yMDAwL3N2ZyIgdmVyc2lvbj0iMS4xIi8+"
                        style="max-width: 100%; display: block; margin: 0px; padding: 0px;"
                      />
                    </div>
                    <noscript />
                    <img
                      alt="星"
                      data-nimg="true"
                      decoding="async"
                      src="data:image/gif;base64,R0lGODlhAQABAIAAAAAAAP///yH5BAEAAAAALAAAAAABAAEAAAIBRAA7"
                      style="position: absolute; top: 0px; left: 0px; bottom: 0px; right: 0px; box-sizing: border-box; padding: 0px; margin: auto; display: block; width: 0px; height: 0px; min-width: 100%; max-width: 100%; min-height: 100%; max-height: 100%;"
                    />
                  </div>
                  <div
                    style="display: inline-block; max-width: 100%; overflow: hidden; position: relative; box-sizing: border-box; margin: 0px;"
                  >
                    <div
                      style="box-sizing: border-box; display: block; max-width: 100%;"
                    >
                      <img
                        alt=""
                        aria-hidden="true"
                        src="data:image/svg+xml;base64,PHN2ZyB3aWR0aD0iMjUiIGhlaWdodD0iMjQiIHhtbG5zPSJodHRwOi8vd3d3LnczLm9yZy8yMDAwL3N2ZyIgdmVyc2lvbj0iMS4xIi8+"
                        style="max-width: 100%; display: block; margin: 0px; padding: 0px;"
                      />
                    </div>
                    <noscript />
                    <img
                      alt="星"
                      data-nimg="true"
                      decoding="async"
                      src="data:image/gif;base64,R0lGODlhAQABAIAAAAAAAP///yH5BAEAAAAALAAAAAABAAEAAAIBRAA7"
                      style="position: absolute; top: 0px; left: 0px; bottom: 0px; right: 0px; box-sizing: border-box; padding: 0px; margin: auto; display: block; width: 0px; height: 0px; min-width: 100%; max-width: 100%; min-height: 100%; max-height: 100%;"
                    />
                  </div>
                  <div
                    style="display: inline-block; max-width: 100%; overflow: hidden; position: relative; box-sizing: border-box; margin: 0px;"
                  >
                    <div
                      style="box-sizing: border-box; display: block; max-width: 100%;"
                    >
                      <img
                        alt=""
                        aria-hidden="true"
                        src="data:image/svg+xml;base64,PHN2ZyB3aWR0aD0iMjUiIGhlaWdodD0iMjQiIHhtbG5zPSJodHRwOi8vd3d3LnczLm9yZy8yMDAwL3N2ZyIgdmVyc2lvbj0iMS4xIi8+"
                        style="max-width: 100%; display: block; margin: 0px; padding: 0px;"
                      />
                    </div>
                    <noscript />
                    <img
                      alt="星"
                      data-nimg="true"
                      decoding="async"
                      src="data:image/gif;base64,R0lGODlhAQABAIAAAAAAAP///yH5BAEAAAAALAAAAAABAAEAAAIBRAA7"
                      style="position: absolute; top: 0px; left: 0px; bottom: 0px; right: 0px; box-sizing: border-box; padding: 0px; margin: auto; display: block; width: 0px; height: 0px; min-width: 100%; max-width: 100%; min-height: 100%; max-height: 100%;"
                    />
                  </div>
                  <span>
                    3.0
                  </span>
                </div>
                <div
                  class="chartBody"
                >
                  <div
                    class="chartContentWrapper"
                  >
                    <div
                      class="chartContent"
                    >
                      <p
                        class="chartContentTitle"
                      >
                        方針・理念
                      </p>
                      <div
                        class="chartContentBar"
                      >
                        <span
                          class="on"
                        />
                        <span
                          class="on"
                        />
                        <span
                          class="on"
                        />
                        <span
                          class=""
                        />
                        <span
                          class=""
                        />
                      </div>
                    </div>
                    <div
                      class="chartContent"
                    >
                      <p
                        class="chartContentTitle"
                      >
                        授業
                      </p>
                      <div
                        class="chartContentBar"
                      >
                        <span
                          class="on"
                        />
                        <span
                          class="on"
                        />
                        <span
                          class="on"
                        />
                        <span
                          class=""
                        />
                        <span
                          class=""
                        />
                      </div>
                    </div>
                    <div
                      class="chartContent"
                    >
                      <p
                        class="chartContentTitle"
                      >
                        施設・
                        <br
                          class="spOnly"
                        />
                        セキュリティ
                      </p>
                      <div
                        class="chartContentBar"
                      >
                        <span
                          class="on"
                        />
                        <span
                          class="on"
                        />
                        <span
                          class="on"
                        />
                        <span
                          class=""
                        />
                        <span
                          class=""
                        />
                      </div>
                    </div>
                  </div>
                  <div
                    class="chartContentWrapper"
                  >
                    <div
                      class="chartContent"
                    >
                      <p
                        class="chartContentTitle"
                      >
                        アクセス・立地
                      </p>
                      <div
                        class="chartContentBar"
                      >
                        <span
                          class="on"
                        />
                        <span
                          class="on"
                        />
                        <span
                          class="on"
                        />
                        <span
                          class=""
                        />
                        <span
                          class=""
                        />
                      </div>
                    </div>
                    <div
                      class="chartContent"
                    >
                      <p
                        class="chartContentTitle"
                      >
                        保護者関係(PTA)
                      </p>
                      <div
                        class="chartContentBar"
                      >
                        <span
                          class="on"
                        />
                        <span
                          class="on"
                        />
                        <span
                          class="on"
                        />
                        <span
                          class=""
                        />
                        <span
                          class=""
                        />
                      </div>
                    </div>
                    <div
                      class="chartContent"
                    >
                      <p
                        class="chartContentTitle"
                      >
                        イベント
                      </p>
                      <div
                        class="chartContentBar"
                      >
                        <span
                          class="on"
                        />
                        <span
                          class="on"
                        />
                        <span
                          class="on"
                        />
                        <span
                          class=""
                        />
                        <span
                          class=""
                        />
                      </div>
                    </div>
                  </div>
                </div>
              </div>
            </div>
          </div>
        </div>
        <div
          class="btn"
        >
          <button>
            さらに詳しく見る
          </button>
        </div>
      </blockquote>
      <blockquote
        class="block hide"
      >
        <div
          class="blockInner"
        >
          <div
            class="head"
          >
            <div
              class="headImage"
            >
              <div
                style="display: inline-block; max-width: 100%; overflow: hidden; position: relative; box-sizing: border-box; margin: 0px;"
              >
                <div
                  style="box-sizing: border-box; display: block; max-width: 100%;"
                >
                  <img
                    alt=""
                    aria-hidden="true"
                    src="data:image/svg+xml;base64,PHN2ZyB3aWR0aD0iNDQiIGhlaWdodD0iNDQiIHhtbG5zPSJodHRwOi8vd3d3LnczLm9yZy8yMDAwL3N2ZyIgdmVyc2lvbj0iMS4xIi8+"
                    style="max-width: 100%; display: block; margin: 0px; padding: 0px;"
                  />
                </div>
                <noscript />
                <img
                  alt="男性"
                  data-nimg="true"
                  decoding="async"
                  src="data:image/gif;base64,R0lGODlhAQABAIAAAAAAAP///yH5BAEAAAAALAAAAAABAAEAAAIBRAA7"
                  style="position: absolute; top: 0px; left: 0px; bottom: 0px; right: 0px; box-sizing: border-box; padding: 0px; margin: auto; display: block; width: 0px; height: 0px; min-width: 100%; max-width: 100%; min-height: 100%; max-height: 100%;"
                />
              </div>
            </div>
            <div
              class="headText"
            >
              <p>
                <span>
                  保護者/2011年入学
                </span>
                <span>
                  2014年11月投稿
                </span>
              </p>
              <h4>
                のんびりしています
              </h4>
            </div>
          </div>
          <div
            class="body"
          >
            <div
              class="content contentTop"
            >
              <div
                class="contentMain"
              >
                <h5>
                  総合評価
                </h5>
                <p
                  class="contentText"
                >
                  地元の小学校です、何世代も知り合いが多いので気楽な感じです。経済的にも余裕のある家庭が多いのでのんびりしています。中学校は大半の子が私立や区立一貫校に行くので自然と勉強するようです
                </p>
              </div>
              <div
                class="chart"
              >
                <div
                  class="chartHead"
                >
                  <div
                    style="display: inline-block; max-width: 100%; overflow: hidden; position: relative; box-sizing: border-box; margin: 0px;"
                  >
                    <div
                      style="box-sizing: border-box; display: block; max-width: 100%;"
                    >
                      <img
                        alt=""
                        aria-hidden="true"
                        src="data:image/svg+xml;base64,PHN2ZyB3aWR0aD0iMjUiIGhlaWdodD0iMjQiIHhtbG5zPSJodHRwOi8vd3d3LnczLm9yZy8yMDAwL3N2ZyIgdmVyc2lvbj0iMS4xIi8+"
                        style="max-width: 100%; display: block; margin: 0px; padding: 0px;"
                      />
                    </div>
                    <noscript />
                    <img
                      alt="星"
                      data-nimg="true"
                      decoding="async"
                      src="data:image/gif;base64,R0lGODlhAQABAIAAAAAAAP///yH5BAEAAAAALAAAAAABAAEAAAIBRAA7"
                      style="position: absolute; top: 0px; left: 0px; bottom: 0px; right: 0px; box-sizing: border-box; padding: 0px; margin: auto; display: block; width: 0px; height: 0px; min-width: 100%; max-width: 100%; min-height: 100%; max-height: 100%;"
                    />
                  </div>
                  <div
                    style="display: inline-block; max-width: 100%; overflow: hidden; position: relative; box-sizing: border-box; margin: 0px;"
                  >
                    <div
                      style="box-sizing: border-box; display: block; max-width: 100%;"
                    >
                      <img
                        alt=""
                        aria-hidden="true"
                        src="data:image/svg+xml;base64,PHN2ZyB3aWR0aD0iMjUiIGhlaWdodD0iMjQiIHhtbG5zPSJodHRwOi8vd3d3LnczLm9yZy8yMDAwL3N2ZyIgdmVyc2lvbj0iMS4xIi8+"
                        style="max-width: 100%; display: block; margin: 0px; padding: 0px;"
                      />
                    </div>
                    <noscript />
                    <img
                      alt="星"
                      data-nimg="true"
                      decoding="async"
                      src="data:image/gif;base64,R0lGODlhAQABAIAAAAAAAP///yH5BAEAAAAALAAAAAABAAEAAAIBRAA7"
                      style="position: absolute; top: 0px; left: 0px; bottom: 0px; right: 0px; box-sizing: border-box; padding: 0px; margin: auto; display: block; width: 0px; height: 0px; min-width: 100%; max-width: 100%; min-height: 100%; max-height: 100%;"
                    />
                  </div>
                  <div
                    style="display: inline-block; max-width: 100%; overflow: hidden; position: relative; box-sizing: border-box; margin: 0px;"
                  >
                    <div
                      style="box-sizing: border-box; display: block; max-width: 100%;"
                    >
                      <img
                        alt=""
                        aria-hidden="true"
                        src="data:image/svg+xml;base64,PHN2ZyB3aWR0aD0iMjUiIGhlaWdodD0iMjQiIHhtbG5zPSJodHRwOi8vd3d3LnczLm9yZy8yMDAwL3N2ZyIgdmVyc2lvbj0iMS4xIi8+"
                        style="max-width: 100%; display: block; margin: 0px; padding: 0px;"
                      />
                    </div>
                    <noscript />
                    <img
                      alt="星"
                      data-nimg="true"
                      decoding="async"
                      src="data:image/gif;base64,R0lGODlhAQABAIAAAAAAAP///yH5BAEAAAAALAAAAAABAAEAAAIBRAA7"
                      style="position: absolute; top: 0px; left: 0px; bottom: 0px; right: 0px; box-sizing: border-box; padding: 0px; margin: auto; display: block; width: 0px; height: 0px; min-width: 100%; max-width: 100%; min-height: 100%; max-height: 100%;"
                    />
                  </div>
                  <div
                    style="display: inline-block; max-width: 100%; overflow: hidden; position: relative; box-sizing: border-box; margin: 0px;"
                  >
                    <div
                      style="box-sizing: border-box; display: block; max-width: 100%;"
                    >
                      <img
                        alt=""
                        aria-hidden="true"
                        src="data:image/svg+xml;base64,PHN2ZyB3aWR0aD0iMjUiIGhlaWdodD0iMjQiIHhtbG5zPSJodHRwOi8vd3d3LnczLm9yZy8yMDAwL3N2ZyIgdmVyc2lvbj0iMS4xIi8+"
                        style="max-width: 100%; display: block; margin: 0px; padding: 0px;"
                      />
                    </div>
                    <noscript />
                    <img
                      alt="星"
                      data-nimg="true"
                      decoding="async"
                      src="data:image/gif;base64,R0lGODlhAQABAIAAAAAAAP///yH5BAEAAAAALAAAAAABAAEAAAIBRAA7"
                      style="position: absolute; top: 0px; left: 0px; bottom: 0px; right: 0px; box-sizing: border-box; padding: 0px; margin: auto; display: block; width: 0px; height: 0px; min-width: 100%; max-width: 100%; min-height: 100%; max-height: 100%;"
                    />
                  </div>
                  <div
                    style="display: inline-block; max-width: 100%; overflow: hidden; position: relative; box-sizing: border-box; margin: 0px;"
                  >
                    <div
                      style="box-sizing: border-box; display: block; max-width: 100%;"
                    >
                      <img
                        alt=""
                        aria-hidden="true"
                        src="data:image/svg+xml;base64,PHN2ZyB3aWR0aD0iMjUiIGhlaWdodD0iMjQiIHhtbG5zPSJodHRwOi8vd3d3LnczLm9yZy8yMDAwL3N2ZyIgdmVyc2lvbj0iMS4xIi8+"
                        style="max-width: 100%; display: block; margin: 0px; padding: 0px;"
                      />
                    </div>
                    <noscript />
                    <img
                      alt="星"
                      data-nimg="true"
                      decoding="async"
                      src="data:image/gif;base64,R0lGODlhAQABAIAAAAAAAP///yH5BAEAAAAALAAAAAABAAEAAAIBRAA7"
                      style="position: absolute; top: 0px; left: 0px; bottom: 0px; right: 0px; box-sizing: border-box; padding: 0px; margin: auto; display: block; width: 0px; height: 0px; min-width: 100%; max-width: 100%; min-height: 100%; max-height: 100%;"
                    />
                  </div>
                  <span>
                    4.0
                  </span>
                </div>
                <div
                  class="chartBody"
                >
                  <div
                    class="chartContentWrapper"
                  >
                    <div
                      class="chartContent"
                    >
                      <p
                        class="chartContentTitle"
                      >
                        方針・理念
                      </p>
                      <div
                        class="chartContentBar"
                      >
                        <span
                          class="on"
                        />
                        <span
                          class="on"
                        />
                        <span
                          class="on"
                        />
                        <span
                          class="on"
                        />
                        <span
                          class=""
                        />
                      </div>
                    </div>
                    <div
                      class="chartContent"
                    >
                      <p
                        class="chartContentTitle"
                      >
                        授業
                      </p>
                      <div
                        class="chartContentBar"
                      >
                        <span
                          class="on"
                        />
                        <span
                          class="on"
                        />
                        <span
                          class="on"
                        />
                        <span
                          class=""
                        />
                        <span
                          class=""
                        />
                      </div>
                    </div>
                    <div
                      class="chartContent"
                    >
                      <p
                        class="chartContentTitle"
                      >
                        先生
                      </p>
                      <div
                        class="chartContentBar"
                      >
                        <span
                          class="on"
                        />
                        <span
                          class="on"
                        />
                        <span
                          class="on"
                        />
                        <span
                          class=""
                        />
                        <span
                          class=""
                        />
                      </div>
                    </div>
                    <div
                      class="chartContent"
                    >
                      <p
                        class="chartContentTitle"
                      >
                        施設・
                        <br
                          class="spOnly"
                        />
                        セキュリティ
                      </p>
                      <div
                        class="chartContentBar"
                      >
                        <span
                          class="on"
                        />
                        <span
                          class="on"
                        />
                        <span
                          class="on"
                        />
                        <span
                          class="on"
                        />
                        <span
                          class="on"
                        />
                      </div>
                    </div>
                  </div>
                  <div
                    class="chartContentWrapper"
                  >
                    <div
                      class="chartContent"
                    >
                      <p
                        class="chartContentTitle"
                      >
                        アクセス・立地
                      </p>
                      <div
                        class="chartContentBar"
                      >
                        <span
                          class="on"
                        />
                        <span
                          class="on"
                        />
                        <span
                          class="on"
                        />
                        <span
                          class="on"
                        />
                        <span
                          class="on"
                        />
                      </div>
                    </div>
                    <div
                      class="chartContent"
                    >
                      <p
                        class="chartContentTitle"
                      >
                        保護者関係(PTA)
                      </p>
                      <div
                        class="chartContentBar"
                      >
                        <span
                          class="on"
                        />
                        <span
                          class="on"
                        />
                        <span
                          class="on"
                        />
                        <span
                          class="on"
                        />
                        <span
                          class=""
                        />
                      </div>
                    </div>
                    <div
                      class="chartContent"
                    >
                      <p
                        class="chartContentTitle"
                      >
                        イベント
                      </p>
                      <div
                        class="chartContentBar"
                      >
                        <span
                          class="on"
                        />
                        <span
                          class="on"
                        />
                        <span
                          class="on"
                        />
                        <span
                          class=""
                        />
                        <span
                          class=""
                        />
                      </div>
                    </div>
                  </div>
                </div>
              </div>
            </div>
          </div>
        </div>
        <div
          class="btn"
        >
          <button>
            さらに詳しく見る
          </button>
        </div>
      </blockquote>
      <blockquote
        class="quote"
      >
        本件の口コミおよびスコアは
        <a
          href="https://www.minkou.jp/primary/school/29999/"
          rel="noreferrer"
          target="_blank"
        >
          みんなの小学校情報
        </a>
        が情報提供しています。イエウールは当コンテンツの内容に関与しておりませんので、口コミおよびスコアに関するお問い合わせは、みんなの小学校情報までお願いします。
        <br />
        <a
          href="https://www.minkou.jp/inquiry/"
          rel="noreferrer"
          target="_blank"
        >
          みんなの小学校情報(運営：株式会社イトクロ)へのお問い合わせ
        </a>
      </blockquote>
    </div>
  </section>
</DocumentFragment>
`;
