// Jest Snapshot v1, https://goo.gl/fbAQLP

exports[`components/commons/Footer 正常に表示される 1`] = `
<DocumentFragment>
  <footer
    class="footer"
  >
    <div
      class="section"
    >
      <div
        class="content"
      >
        <p
          class="title"
        >
          中古マンションを見つける・購入のための情報を得る
        </p>
        <div
          class="blocks"
        >
          <a
            class="block"
            href="https://ieul.jp/column/categories/flow/"
          >
            マンション購入の流れ・
            <br />
            基礎知識
          </a>
          <a
            class="block"
            href="https://ieul.jp/column/categories/buying-mansion/tips/"
          >
            マンション購入のコツ・
            <br />
            注意点
          </a>
          <a
            class="block"
            href="https://ieul.jp/column/categories/money/"
          >
            お金・住宅ローン
          </a>
          <a
            class="block"
            href="https://ieul.jp/column/categories/facility/"
          >
            間取り・住宅設備
          </a>
          <a
            class="block"
            href="https://ieul.jp/column/categories/renovation/"
          >
            リフォーム・リノベーション
          </a>
          <a
            class="block"
            href="https://ieul.jp/column/categories/interior/"
          >
            暮らし・インテリア
          </a>
          <a
            class="block"
            href="https://ieul.jp/column/categories/buying-mansion/city-want-to-live-in/"
          >
            住みたい街
          </a>
        </div>
      </div>
      <div
        class="content"
      >
        <p
          class="title"
        >
          エリアからマンションを探す
        </p>
        <div
          class="pref"
        >
          <button
            class="prefLink"
            href="/prefectures/13000"
          >
            東京都
          </button>
          <button
            class="prefLink"
            href="/prefectures/14000"
          >
            神奈川県
          </button>
          <button
            class="prefLink"
            href="/prefectures/11000"
          >
            埼玉県
          </button>
          <button
            class="prefLink"
            href="/prefectures/12000"
          >
            千葉県
          </button>
          <button
            class="prefLink"
            href="/prefectures/27000"
          >
            大阪府
          </button>
          <button
            class="prefLink"
            href="/prefectures/28000"
          >
            兵庫県
          </button>
          <button
            class="prefLink"
            href="/prefectures/23000"
          >
            愛知県
          </button>
          <button
            class="prefLink"
            href="/prefectures/40000"
          >
            福岡県
          </button>
        </div>
      </div>
      <div
        class="content"
      >
        <p
          class="title"
        >
          中古マンションを見つける・購入のための情報を得る
        </p>
        <p
          class="summary"
        >
          Housiiは安心して購入できる情報をお届けし、あなたの住みたい理想の物件を見つけて購入していただくためのサービスです。
          <br />
          他サービスでは見つかりづらい中古でも築浅できれいなマンションや、資産価値の高い中古マンションがHousiiで見つけ、安心してご購入いただけます。
        </p>
      </div>
      <div
        class="content"
      >
        <p
          class="title"
        >
          関連リンク
        </p>
        <div
          class="links"
        >
          <div
            class="link"
          >
            <a
              href="/"
            >
              家を売るならイエウール
            </a>
          </div>
          <div
            class="link"
          >
            <a
              href="https://ouchi-ktrb.jp"
            >
              不動産会社の評判ならおうちの語り部
            </a>
          </div>
          <div
            class="link"
          >
            <a
              href="https://sumai-step.com"
            >
              不動産査定ならすまいステップ
            </a>
          </div>
          <div
            class="link"
          >
            <a
              href="https://baikyaku.excite.co.jp"
            >
              excite不動産売却
            </a>
          </div>
          <div
            class="link"
          >
            <a
              href="https://www.nuri-kae.jp"
            >
              外壁塗装ならヌリカエ
            </a>
          </div>
        </div>
      </div>
    </div>
    <div
      class="bottom"
    >
      <div
        class="bottomInner"
      >
        <div
          class="bottomLinks"
        >
          <a
            href="/contact/"
          >
            お問い合わせ
          </a>
          <a
            href="/law/"
          >
            利用規約
          </a>
          <a
            href="/privacy/"
          >
            個人情報保護方針
          </a>
          <a
            href="/corporate/"
          >
            運営会社
          </a>
        </div>
        <p
          class="copyright"
        >
          Copyright(c)2014 Speee, Inc. All rights reserved.
        </p>
      </div>
    </div>
    <div
      class="operation"
    >
      <p
        class="text"
      >
        不動産売却・不動産査定なら「イエウール（家を売る）」
      </p>
      <div
        class="main"
      >
        <div
          class="logo"
        >
          <div
            style="display: inline-block; max-width: 100%; overflow: hidden; position: relative; box-sizing: border-box; margin: 0px;"
          >
            <div
              style="box-sizing: border-box; display: block; max-width: 100%;"
            >
              <img
                alt=""
                aria-hidden="true"
                src="data:image/svg+xml;base64,PHN2ZyB3aWR0aD0iMTY1IiBoZWlnaHQ9IjMxIiB4bWxucz0iaHR0cDovL3d3dy53My5vcmcvMjAwMC9zdmciIHZlcnNpb249IjEuMSIvPg=="
                style="max-width: 100%; display: block; margin: 0px; padding: 0px;"
              />
            </div>
            <noscript />
            <img
              data-nimg="true"
              decoding="async"
              src="data:image/gif;base64,R0lGODlhAQABAIAAAAAAAP///yH5BAEAAAAALAAAAAABAAEAAAIBRAA7"
              style="position: absolute; top: 0px; left: 0px; bottom: 0px; right: 0px; box-sizing: border-box; padding: 0px; margin: auto; display: block; width: 0px; height: 0px; min-width: 100%; max-width: 100%; min-height: 100%; max-height: 100%;"
            />
          </div>
        </div>
        <div
          class="jpx"
        >
          <div
            class="image"
          >
            <div
              style="display: inline-block; max-width: 100%; overflow: hidden; position: relative; box-sizing: border-box; margin: 0px;"
            >
              <div
                style="box-sizing: border-box; display: block; max-width: 100%;"
              >
                <img
                  alt=""
                  aria-hidden="true"
                  src="data:image/svg+xml;base64,PHN2ZyB3aWR0aD0iNDAiIGhlaWdodD0iNDgiIHhtbG5zPSJodHRwOi8vd3d3LnczLm9yZy8yMDAwL3N2ZyIgdmVyc2lvbj0iMS4xIi8+"
                  style="max-width: 100%; display: block; margin: 0px; padding: 0px;"
                />
              </div>
              <noscript />
              <img
                data-nimg="true"
                decoding="async"
                src="data:image/gif;base64,R0lGODlhAQABAIAAAAAAAP///yH5BAEAAAAALAAAAAABAAEAAAIBRAA7"
                style="position: absolute; top: 0px; left: 0px; bottom: 0px; right: 0px; box-sizing: border-box; padding: 0px; margin: auto; display: block; width: 0px; height: 0px; min-width: 100%; max-width: 100%; min-height: 100%; max-height: 100%;"
              />
            </div>
          </div>
          <p
            class="text"
          >
            東証スタンダード市場に上場している(株)Speeeが運営しているサービスなので安心してご利用いただけます。
          </p>
        </div>
      </div>
    </div>
  </footer>
</DocumentFragment>
`;
