// Jest Snapshot v1, https://goo.gl/fbAQLP

exports[`components/pages/mansions/MansionSlider 正常に表示される 1`] = `
<DocumentFragment>
  <div>
    <div
      class="slick-slider slick-initialized"
    >
      <div
        class="slick-list"
      >
        <div
          class="slick-track"
          style="opacity: 1; transform: translate3d(0px, 0px, 0px);"
        >
          <div
            aria-hidden="false"
            class="slick-slide slick-active slick-current"
            data-index="0"
            style="outline: none; width: 0px;"
            tabindex="-1"
          >
            <div>
              <div
                class="item"
                style="width: 100%; display: inline-block;"
                tabindex="-1"
              >
                <div
                  class="content"
                >
                  <div
                    class="container"
                  >
                    <button
                      class="link"
                      href="http://dummy.ieul.jp/ms-library/mansions/some-id"
                    >
                      <h3
                        class="name"
                      >
                        テストマンション
                        <br />
                        <span
                          class="date"
                        >
                          2013年05月 (築7年)
                        </span>
                      </h3>
                      <div
                        class="salesInfoArea"
                      >
                        <p>
                          販売価格
                        </p>
                        <ul>
                          <li
                            class="salesInfo"
                          >
                            1000万円 ~ 1億円
                          </li>
                        </ul>
                      </div>
                      <p
                        class="subInfo"
                      >
                        <span>
                          テストアドレス
                        </span>
                        <br />
                      </p>
                    </button>
                  </div>
                </div>
              </div>
            </div>
          </div>
          <div
            aria-hidden="false"
            class="slick-slide slick-active"
            data-index="1"
            style="outline: none; width: 0px;"
            tabindex="-1"
          >
            <div>
              <div
                class="item"
                style="width: 100%; display: inline-block;"
                tabindex="-1"
              >
                <div
                  class="content"
                >
                  <div
                    class="container"
                  >
                    <button
                      class="link"
                      href="http://dummy.ieul.jp/ms-library/mansions/some-id"
                    >
                      <h3
                        class="name"
                      >
                        テストマンション
                        <br />
                        <span
                          class="date"
                        >
                          2013年05月 (築7年)
                        </span>
                      </h3>
                      <div
                        class="salesInfoArea"
                      >
                        <p>
                          販売価格
                        </p>
                        <ul>
                          <li
                            class="salesInfo"
                          >
                            1000万円 ~ 1億円
                          </li>
                        </ul>
                      </div>
                      <p
                        class="subInfo"
                      >
                        <span>
                          テストアドレス
                        </span>
                        <br />
                      </p>
                    </button>
                  </div>
                </div>
              </div>
            </div>
          </div>
        </div>
      </div>
    </div>
  </div>
</DocumentFragment>
`;
