// Jest Snapshot v1, https://goo.gl/fbAQLP

exports[`components/commons/CityInfo 正常に表示される 1`] = `
<DocumentFragment>
  <section
    class="container"
    id="local"
  >
    <h2>
      <div
        class="heading"
      >
        数字で見る千代田区
      </div>
    </h2>
    <div
      class="inner"
    >
      <h3>
        <div
          class="heading"
        >
          <span
            class="inner"
          >
            基本情報
          </span>
        </div>
      </h3>
      <table
        class="table"
      >
        <thead>
          <tr>
            <th />
            <th>
              実数値
            </th>
            <th>
              偏差値
            </th>
            <th>
              順位
              <br
                class="spOnly"
              />
              <span>
                (一都三県内)
              </span>
            </th>
          </tr>
        </thead>
        <tbody>
          <tr>
            <td>
              平均年収
            </td>
            <td>
              555万5,123円
            </td>
            <td>
              69.88
            </td>
            <td>
              8位
            </td>
          </tr>
          <tr>
            <td>
              平均年齢
            </td>
            <td>
              44歳
            </td>
            <td>
              41.49
            </td>
            <td>
              213位
            </td>
          </tr>
          <tr>
            <td>
              特殊出生率
            </td>
            <td>
              0.99％
            </td>
            <td>
              23.08
            </td>
            <td>
              248位
            </td>
          </tr>
          <tr>
            <td>
              持ち家比率
            </td>
            <td>
              32.8％
            </td>
            <td>
              27.85
            </td>
            <td>
              210位
            </td>
          </tr>
          <tr>
            <td>
              人口密度
            </td>
            <td>
              18307.4
              <br
                class="spOnly"
              />
              人/km2
            </td>
            <td>
              75.11
            </td>
            <td>
              8位
            </td>
          </tr>
          <tr
            class="none"
          >
            <td>
              人口増加率
            </td>
            <td>
              0.99％
            </td>
            <td>
              60.16
            </td>
            <td>
              30位
            </td>
          </tr>
          <tr
            class="none"
          >
            <td>
              犯罪率
              <br
                class="spOnly"
              />
              (犯罪件数/人口)
            </td>
            <td>
              1.36%
            </td>
            <td>
              84.14
            </td>
            <td>
              3位
            </td>
          </tr>
          <tr
            class="none"
          >
            <td>
              病院・診療所数
            </td>
            <td>
              659件
            </td>
            <td>
              65.4326
            </td>
            <td>
              8位
            </td>
          </tr>
          <tr
            class="none"
          >
            <td>
              介護施設数
            </td>
            <td>
              50件
            </td>
            <td>
              52.21
            </td>
            <td>
              77位
            </td>
          </tr>
          <tr
            class="none"
          >
            <td>
              公園面積
              <br
                class="spOnly"
              />
              (10㎡/1人)
            </td>
            <td>
              3.3
              <br
                class="spOnly"
              />
              ㎡/人
            </td>
            <td>
              47.78
            </td>
            <td>
              184位
            </td>
          </tr>
          <tr
            class="none"
          >
            <td>
              待機児童数
              <br
                class="spOnly"
              />
              (1,000人あたり)
            </td>
            <td>
              0人
            </td>
            <td>
              45.95
            </td>
            <td>
              126位
            </td>
          </tr>
          <tr
            class="none"
          >
            <td>
              幼稚園施設数
            </td>
            <td>
              30校
            </td>
            <td>
              68.21
            </td>
            <td>
              18位
            </td>
          </tr>
          <tr
            class="none"
          >
            <td>
              小学校施設数
            </td>
            <td>
              30校
            </td>
            <td>
              60.82
            </td>
            <td>
              25位
            </td>
          </tr>
          <tr
            class="none"
          >
            <td>
              中学校施設数
            </td>
            <td>
              16校
            </td>
            <td>
              59.34
            </td>
            <td>
              27位
            </td>
          </tr>
          <tr
            class="none"
          >
            <td>
              国私立中学校進学率
            </td>
            <td>
              34.34％
            </td>
            <td>
              64.97
            </td>
            <td>
              7位
            </td>
          </tr>
        </tbody>
      </table>
      <button
        class="btn"
      >
        もっと見る
      </button>
    </div>
  </section>
</DocumentFragment>
`;
