// Jest Snapshot v1, https://goo.gl/fbAQLP

exports[`components/pages/mansions/SalesHistories 正常に表示される 1`] = `
<DocumentFragment>
  <section
    class="container"
  >
    <h3>
      <div
        class="heading"
      >
        <span
          class="inner"
        >
          販売履歴
        </span>
      </div>
    </h3>
    <div
      class="pcOnly"
    >
      <table
        class="tablePc"
      >
        <thead>
          <tr>
            <th>
              年月
            </th>
            <th>
              価格
            </th>
            <th>
              間取り
            </th>
            <th>
              専有面積
            </th>
            <th>
              所在階
            </th>
          </tr>
        </thead>
        <tbody>
          <tr>
            <td>
              2019年05月
            </td>
            <td>
              2,496万円
            </td>
            <td>
              1K
            </td>
            <td>
              22.72㎡
            </td>
            <td>
              9階
            </td>
          </tr>
          <tr>
            <td>
              2019年05月
            </td>
            <td>
              2,590万円
            </td>
            <td>
              1K
            </td>
            <td>
              22.72㎡
            </td>
            <td>
              9階
            </td>
          </tr>
          <tr>
            <td>
              2019年05月
            </td>
            <td>
              4,550万円
            </td>
            <td>
              1DK
            </td>
            <td>
              45.16㎡
            </td>
            <td>
              10階
            </td>
          </tr>
          <tr>
            <td>
              2019年05月
            </td>
            <td>
              4,650万円
            </td>
            <td>
              1DK
            </td>
            <td>
              45.16㎡
            </td>
            <td>
              10階
            </td>
          </tr>
          <tr>
            <td>
              2019年03月
            </td>
            <td>
              3,200万円
            </td>
            <td>
              1K
            </td>
            <td>
              30.24㎡
            </td>
            <td>
              11階
            </td>
          </tr>
          <tr>
            <td>
              2019年03月
            </td>
            <td>
              2,590万円
            </td>
            <td>
              1K
            </td>
            <td>
              22.72㎡
            </td>
            <td>
              9階
            </td>
          </tr>
          <tr>
            <td>
              2019年02月
            </td>
            <td>
              4,580万円
            </td>
            <td>
              1DK
            </td>
            <td>
              45.16㎡
            </td>
            <td>
              4階
            </td>
          </tr>
          <tr>
            <td>
              2019年02月
            </td>
            <td>
              4,780万円
            </td>
            <td>
              1DK
            </td>
            <td>
              45.16㎡
            </td>
            <td>
              4階
            </td>
          </tr>
          <tr>
            <td>
              2018年09月
            </td>
            <td>
              2,000万円
            </td>
            <td>
              1K
            </td>
            <td>
              20.72㎡
            </td>
            <td>
              3階
            </td>
          </tr>
          <tr>
            <td>
              2018年09月
            </td>
            <td>
              3,480万円
            </td>
            <td>
              1DK
            </td>
            <td>
              45.16㎡
            </td>
            <td>
              2階
            </td>
          </tr>
        </tbody>
      </table>
    </div>
    <div
      class="spOnly"
    >
      <table
        class="tableSp"
      >
        <tbody>
          <tr>
            <th>
              2019年05月
            </th>
            <td>
              <p
                class="tableSp__price"
              >
                2,496万円
              </p>
              <span
                class="tableSp__info"
              >
                1K / 22.72㎡ / 9階
              </span>
            </td>
          </tr>
          <tr>
            <th>
              2019年05月
            </th>
            <td>
              <p
                class="tableSp__price"
              >
                2,590万円
              </p>
              <span
                class="tableSp__info"
              >
                1K / 22.72㎡ / 9階
              </span>
            </td>
          </tr>
          <tr>
            <th>
              2019年05月
            </th>
            <td>
              <p
                class="tableSp__price"
              >
                4,550万円
              </p>
              <span
                class="tableSp__info"
              >
                1DK / 45.16㎡ / 10階
              </span>
            </td>
          </tr>
          <tr>
            <th>
              2019年05月
            </th>
            <td>
              <p
                class="tableSp__price"
              >
                4,650万円
              </p>
              <span
                class="tableSp__info"
              >
                1DK / 45.16㎡ / 10階
              </span>
            </td>
          </tr>
          <tr>
            <th>
              2019年03月
            </th>
            <td>
              <p
                class="tableSp__price"
              >
                3,200万円
              </p>
              <span
                class="tableSp__info"
              >
                1K / 30.24㎡ / 11階
              </span>
            </td>
          </tr>
          <tr>
            <th>
              2019年03月
            </th>
            <td>
              <p
                class="tableSp__price"
              >
                2,590万円
              </p>
              <span
                class="tableSp__info"
              >
                1K / 22.72㎡ / 9階
              </span>
            </td>
          </tr>
          <tr>
            <th>
              2019年02月
            </th>
            <td>
              <p
                class="tableSp__price"
              >
                4,580万円
              </p>
              <span
                class="tableSp__info"
              >
                1DK / 45.16㎡ / 4階
              </span>
            </td>
          </tr>
          <tr>
            <th>
              2019年02月
            </th>
            <td>
              <p
                class="tableSp__price"
              >
                4,780万円
              </p>
              <span
                class="tableSp__info"
              >
                1DK / 45.16㎡ / 4階
              </span>
            </td>
          </tr>
          <tr>
            <th>
              2018年09月
            </th>
            <td>
              <p
                class="tableSp__price"
              >
                2,000万円
              </p>
              <span
                class="tableSp__info"
              >
                1K / 20.72㎡ / 3階
              </span>
            </td>
          </tr>
          <tr>
            <th>
              2018年09月
            </th>
            <td>
              <p
                class="tableSp__price"
              >
                3,480万円
              </p>
              <span
                class="tableSp__info"
              >
                1DK / 45.16㎡ / 2階
              </span>
            </td>
          </tr>
        </tbody>
      </table>
    </div>
    <div
      class="showmoreContainer"
    >
      <button
        class="btn"
      >
        さらに表示する
      </button>
    </div>
  </section>
</DocumentFragment>
`;
