// Jest Snapshot v1, https://goo.gl/fbAQLP

exports[`components/pages/lines/OtherStations 正常に表示される 1`] = `
<DocumentFragment>
  <section
    class="container"
  >
    <div
      class="items"
    >
      <h2>
        <div
          class="heading"
        >
          東海道線の駅から中古マンションを探す
        </div>
      </h2>
      <ul
        class="list"
      >
        <li
          class="item"
        >
          <button
            class="link"
            href="/stations/1320"
          >
            東京駅
            <span
              class="count"
            >
              (2件)
            </span>
          </button>
        </li>
        <li
          class="item"
        >
          <button
            class="link"
            href="/stations/1321"
          >
            新橋駅
            <span
              class="count"
            >
              (7件)
            </span>
          </button>
        </li>
        <li
          class="item"
        >
          <button
            class="link"
            href="/stations/1322"
          >
            品川駅
            <span
              class="count"
            >
              (29件)
            </span>
          </button>
        </li>
        <li
          class="item"
        >
          <button
            class="link"
            href="/stations/1323"
          >
            川崎駅
            <span
              class="count"
            >
              (82件)
            </span>
          </button>
        </li>
        <li
          class="item"
        >
          <button
            class="link"
            href="/stations/1324"
          >
            横浜駅
            <span
              class="count"
            >
              (43件)
            </span>
          </button>
        </li>
        <li
          class="item"
        >
          <button
            class="link"
            href="/stations/1325"
          >
            戸塚駅
            <span
              class="count"
            >
              (45件)
            </span>
          </button>
        </li>
        <li
          class="item"
        >
          <button
            class="link"
            href="/stations/1326"
          >
            大船駅
            <span
              class="count"
            >
              (21件)
            </span>
          </button>
        </li>
        <li
          class="item"
        >
          <button
            class="link"
            href="/stations/1327"
          >
            藤沢駅
            <span
              class="count"
            >
              (31件)
            </span>
          </button>
        </li>
        <li
          class="item"
        >
          <button
            class="link"
            href="/stations/1328"
          >
            辻堂駅
            <span
              class="count"
            >
              (32件)
            </span>
          </button>
        </li>
        <li
          class="item"
        >
          <button
            class="link"
            href="/stations/1329"
          >
            茅ヶ崎駅
            <span
              class="count"
            >
              (36件)
            </span>
          </button>
        </li>
        <li
          class="item"
        >
          <button
            class="link"
            href="/stations/1330"
          >
            平塚駅
            <span
              class="count"
            >
              (36件)
            </span>
          </button>
        </li>
        <li
          class="item"
        >
          <button
            class="link"
            href="/stations/1331"
          >
            大磯駅
            <span
              class="count"
            >
              (3件)
            </span>
          </button>
        </li>
        <li
          class="item"
        >
          <button
            class="link"
            href="/stations/1332"
          >
            二宮駅
            <span
              class="count"
            >
              (2件)
            </span>
          </button>
        </li>
        <li
          class="item"
        >
          <button
            class="link"
            href="/stations/1333"
          >
            国府津駅
            <span
              class="count"
            >
              (1件)
            </span>
          </button>
        </li>
        <li
          class="item"
        >
          <button
            class="link"
            href="/stations/1334"
          >
            鴨宮駅
            <span
              class="count"
            >
              (2件)
            </span>
          </button>
        </li>
        <li
          class="item"
        >
          <button
            class="link"
            href="/stations/1335"
          >
            小田原駅
            <span
              class="count"
            >
              (18件)
            </span>
          </button>
        </li>
      </ul>
    </div>
    <div
      class="items"
    >
      <h2>
        <div
          class="heading"
        >
          上野東京ラインの駅から中古マンションを探す
        </div>
      </h2>
      <ul
        class="list"
      >
        <li
          class="item"
        >
          <button
            class="link"
            href="/stations/2188"
          >
            東京駅
            <span
              class="count"
            >
              (2件)
            </span>
          </button>
        </li>
        <li
          class="item"
        >
          <button
            class="link"
            href="/stations/2189"
          >
            上野駅
            <span
              class="count"
            >
              (29件)
            </span>
          </button>
        </li>
      </ul>
    </div>
  </section>
</DocumentFragment>
`;
