// Jest Snapshot v1, https://goo.gl/fbAQLP

exports[`components/pages/cities/NeighborCities 正常に表示される 1`] = `
<DocumentFragment>
  <section
    class="container"
  >
    <h2>
      <div
        class="heading"
      >
        神奈川県横浜市鶴見区の隣接エリアから中古マンションを探す
      </div>
    </h2>
    <ul
      class="list"
    >
      <li
        class="item"
      >
        <button
          class="link"
          href="/cities/14102"
        >
          横浜市神奈川区
          <span
            class="count"
          >
            (106件)
          </span>
        </button>
      </li>
      <li
        class="item"
      >
        <button
          class="link"
          href="/cities/14104"
        >
          横浜市中区
          <span
            class="count"
          >
            (121件)
          </span>
        </button>
      </li>
      <li
        class="item"
      >
        <button
          class="link"
          href="/cities/14109"
        >
          横浜市港北区
          <span
            class="count"
          >
            (94件)
          </span>
        </button>
      </li>
      <li
        class="item"
      >
        <button
          class="link"
          href="/cities/14131"
        >
          川崎市川崎区
          <span
            class="count"
          >
            (120件)
          </span>
        </button>
      </li>
      <li
        class="item"
      >
        <button
          class="link"
          href="/cities/14132"
        >
          川崎市幸区
          <span
            class="count"
          >
            (50件)
          </span>
        </button>
      </li>
    </ul>
  </section>
</DocumentFragment>
`;
